../Drivers/STM32WBxx_HAL_Driver/Inc/stm32wbxx_ll_bus.h:539:22:LL_AHB2_GRP1_EnableClock	24	static
../Core/Src/main.c:74:6:HAL_GPIO_EXTI_Callback	16	static
../Core/Src/main.c:82:6:HAL_RTCEx_WakeUpTimerEventCallback	16	static
../Core/Src/main.c:87:9:calculate_temperature	24	static
../Core/Src/main.c:95:10:calculate_average	24	static
../Core/Src/main.c:105:9:measure_temperature	48	static
../Core/Src/main.c:125:5:main	40	static
../Core/Src/main.c:231:6:SystemClock_Config	112	static
../Core/Src/main.c:286:6:PeriphCommonClock_Config	88	static
../Core/Src/main.c:310:13:MX_ADC1_Init	32	static
../Core/Src/main.c:368:13:MX_RTC_Init	8	static
../Core/Src/main.c:411:13:MX_USART1_UART_Init	8	static
../Core/Src/main.c:459:13:MX_GPIO_Init	32	static
../Core/Src/main.c:526:6:Error_Handler	4	static,ignoring_inline_asm
