Archive member included to satisfy reference by file (symbol)

C:/ST/STM32CubeIDE_1.14.0/STM32CubeIDE/plugins/com.st.stm32cube.ide.mcu.externaltools.gnu-tools-for-stm32.12.3.rel1.win32_1.0.200.202406191623/tools/bin/../lib/gcc/arm-none-eabi/12.3.1/../../../../arm-none-eabi/lib/thumb/v7e-m+fp/hard\libc_nano.a(libc_a-exit.o)
                              C:/ST/STM32CubeIDE_1.14.0/STM32CubeIDE/plugins/com.st.stm32cube.ide.mcu.externaltools.gnu-tools-for-stm32.12.3.rel1.win32_1.0.200.202406191623/tools/bin/../lib/gcc/arm-none-eabi/12.3.1/../../../../arm-none-eabi/lib/thumb/v7e-m+fp/hard/crt0.o (exit)
C:/ST/STM32CubeIDE_1.14.0/STM32CubeIDE/plugins/com.st.stm32cube.ide.mcu.externaltools.gnu-tools-for-stm32.12.3.rel1.win32_1.0.200.202406191623/tools/bin/../lib/gcc/arm-none-eabi/12.3.1/../../../../arm-none-eabi/lib/thumb/v7e-m+fp/hard\libc_nano.a(libc_a-findfp.o)
                              C:/ST/STM32CubeIDE_1.14.0/STM32CubeIDE/plugins/com.st.stm32cube.ide.mcu.externaltools.gnu-tools-for-stm32.12.3.rel1.win32_1.0.200.202406191623/tools/bin/../lib/gcc/arm-none-eabi/12.3.1/../../../../arm-none-eabi/lib/thumb/v7e-m+fp/hard\libc_nano.a(libc_a-exit.o) (__stdio_exit_handler)
C:/ST/STM32CubeIDE_1.14.0/STM32CubeIDE/plugins/com.st.stm32cube.ide.mcu.externaltools.gnu-tools-for-stm32.12.3.rel1.win32_1.0.200.202406191623/tools/bin/../lib/gcc/arm-none-eabi/12.3.1/../../../../arm-none-eabi/lib/thumb/v7e-m+fp/hard\libc_nano.a(libc_a-fwalk.o)
                              C:/ST/STM32CubeIDE_1.14.0/STM32CubeIDE/plugins/com.st.stm32cube.ide.mcu.externaltools.gnu-tools-for-stm32.12.3.rel1.win32_1.0.200.202406191623/tools/bin/../lib/gcc/arm-none-eabi/12.3.1/../../../../arm-none-eabi/lib/thumb/v7e-m+fp/hard\libc_nano.a(libc_a-findfp.o) (_fwalk_sglue)
C:/ST/STM32CubeIDE_1.14.0/STM32CubeIDE/plugins/com.st.stm32cube.ide.mcu.externaltools.gnu-tools-for-stm32.12.3.rel1.win32_1.0.200.202406191623/tools/bin/../lib/gcc/arm-none-eabi/12.3.1/../../../../arm-none-eabi/lib/thumb/v7e-m+fp/hard\libc_nano.a(libc_a-sprintf.o)
                              ./Core/Src/main.o (sprintf)
C:/ST/STM32CubeIDE_1.14.0/STM32CubeIDE/plugins/com.st.stm32cube.ide.mcu.externaltools.gnu-tools-for-stm32.12.3.rel1.win32_1.0.200.202406191623/tools/bin/../lib/gcc/arm-none-eabi/12.3.1/../../../../arm-none-eabi/lib/thumb/v7e-m+fp/hard\libc_nano.a(libc_a-stdio.o)
                              C:/ST/STM32CubeIDE_1.14.0/STM32CubeIDE/plugins/com.st.stm32cube.ide.mcu.externaltools.gnu-tools-for-stm32.12.3.rel1.win32_1.0.200.202406191623/tools/bin/../lib/gcc/arm-none-eabi/12.3.1/../../../../arm-none-eabi/lib/thumb/v7e-m+fp/hard\libc_nano.a(libc_a-findfp.o) (__sread)
C:/ST/STM32CubeIDE_1.14.0/STM32CubeIDE/plugins/com.st.stm32cube.ide.mcu.externaltools.gnu-tools-for-stm32.12.3.rel1.win32_1.0.200.202406191623/tools/bin/../lib/gcc/arm-none-eabi/12.3.1/../../../../arm-none-eabi/lib/thumb/v7e-m+fp/hard\libc_nano.a(libc_a-memset.o)
                              C:/ST/STM32CubeIDE_1.14.0/STM32CubeIDE/plugins/com.st.stm32cube.ide.mcu.externaltools.gnu-tools-for-stm32.12.3.rel1.win32_1.0.200.202406191623/tools/bin/../lib/gcc/arm-none-eabi/12.3.1/../../../../arm-none-eabi/lib/thumb/v7e-m+fp/hard/crt0.o (memset)
C:/ST/STM32CubeIDE_1.14.0/STM32CubeIDE/plugins/com.st.stm32cube.ide.mcu.externaltools.gnu-tools-for-stm32.12.3.rel1.win32_1.0.200.202406191623/tools/bin/../lib/gcc/arm-none-eabi/12.3.1/../../../../arm-none-eabi/lib/thumb/v7e-m+fp/hard\libc_nano.a(libc_a-closer.o)
                              C:/ST/STM32CubeIDE_1.14.0/STM32CubeIDE/plugins/com.st.stm32cube.ide.mcu.externaltools.gnu-tools-for-stm32.12.3.rel1.win32_1.0.200.202406191623/tools/bin/../lib/gcc/arm-none-eabi/12.3.1/../../../../arm-none-eabi/lib/thumb/v7e-m+fp/hard\libc_nano.a(libc_a-stdio.o) (_close_r)
C:/ST/STM32CubeIDE_1.14.0/STM32CubeIDE/plugins/com.st.stm32cube.ide.mcu.externaltools.gnu-tools-for-stm32.12.3.rel1.win32_1.0.200.202406191623/tools/bin/../lib/gcc/arm-none-eabi/12.3.1/../../../../arm-none-eabi/lib/thumb/v7e-m+fp/hard\libc_nano.a(libc_a-reent.o)
                              C:/ST/STM32CubeIDE_1.14.0/STM32CubeIDE/plugins/com.st.stm32cube.ide.mcu.externaltools.gnu-tools-for-stm32.12.3.rel1.win32_1.0.200.202406191623/tools/bin/../lib/gcc/arm-none-eabi/12.3.1/../../../../arm-none-eabi/lib/thumb/v7e-m+fp/hard\libc_nano.a(libc_a-closer.o) (errno)
C:/ST/STM32CubeIDE_1.14.0/STM32CubeIDE/plugins/com.st.stm32cube.ide.mcu.externaltools.gnu-tools-for-stm32.12.3.rel1.win32_1.0.200.202406191623/tools/bin/../lib/gcc/arm-none-eabi/12.3.1/../../../../arm-none-eabi/lib/thumb/v7e-m+fp/hard\libc_nano.a(libc_a-impure.o)
                              C:/ST/STM32CubeIDE_1.14.0/STM32CubeIDE/plugins/com.st.stm32cube.ide.mcu.externaltools.gnu-tools-for-stm32.12.3.rel1.win32_1.0.200.202406191623/tools/bin/../lib/gcc/arm-none-eabi/12.3.1/../../../../arm-none-eabi/lib/thumb/v7e-m+fp/hard\libc_nano.a(libc_a-sprintf.o) (_impure_ptr)
[...]
Memory Configuration

Name             Origin             Length             Attributes
FLASH            0x08000000         0x00080000         xr
RAM              0x20000008         0x0002fff8         xrw
RAM_SHARED       0x20030000         0x00002800         xrw
*default*        0x00000000         0xffffffff

Linker script and memory map

LOAD C:/ST/STM32CubeIDE_1.14.0/STM32CubeIDE/plugins/com.st.stm32cube.ide.mcu.externaltools.gnu-tools-for-stm32.12.3.rel1.win32_1.0.200.202406191623/tools/bin/../lib/gcc/arm-none-eabi/12.3.1/thumb/v7e-m+fp/hard/crti.o
LOAD C:/ST/STM32CubeIDE_1.14.0/STM32CubeIDE/plugins/com.st.stm32cube.ide.mcu.externaltools.gnu-tools-for-stm32.12.3.rel1.win32_1.0.200.202406191623/tools/bin/../lib/gcc/arm-none-eabi/12.3.1/thumb/v7e-m+fp/hard/crtbegin.o
LOAD C:/ST/STM32CubeIDE_1.14.0/STM32CubeIDE/plugins/com.st.stm32cube.ide.mcu.externaltools.gnu-tools-for-stm32.12.3.rel1.win32_1.0.200.202406191623/tools/bin/../lib/gcc/arm-none-eabi/12.3.1/../../../../arm-none-eabi/lib/thumb/v7e-m+fp/hard/crt0.o
LOAD ./Core/Src/main.o
LOAD ./Core/Src/stm32wbxx_hal_msp.o
LOAD ./Core/Src/stm32wbxx_it.o
LOAD ./Core/Src/syscalls.o
LOAD ./Core/Src/sysmem.o
LOAD ./Core/Src/system_stm32wbxx.o
LOAD ./Core/Startup/startup_stm32wb55rgvx.o
LOAD ./Drivers/STM32WBxx_HAL_Driver/Src/stm32wbxx_hal.o
LOAD ./Drivers/STM32WBxx_HAL_Driver/Src/stm32wbxx_hal_adc.o
LOAD ./Drivers/STM32WBxx_HAL_Driver/Src/stm32wbxx_hal_adc_ex.o
LOAD ./Drivers/STM32WBxx_HAL_Driver/Src/stm32wbxx_hal_cortex.o
LOAD ./Drivers/STM32WBxx_HAL_Driver/Src/stm32wbxx_hal_dma.o
LOAD ./Drivers/STM32WBxx_HAL_Driver/Src/stm32wbxx_hal_dma_ex.o
LOAD ./Drivers/STM32WBxx_HAL_Driver/Src/stm32wbxx_hal_exti.o
LOAD ./Drivers/STM32WBxx_HAL_Driver/Src/stm32wbxx_hal_flash.o
LOAD ./Drivers/STM32WBxx_HAL_Driver/Src/stm32wbxx_hal_flash_ex.o
LOAD ./Drivers/STM32WBxx_HAL_Driver/Src/stm32wbxx_hal_gpio.o
LOAD ./Drivers/STM32WBxx_HAL_Driver/Src/stm32wbxx_hal_hsem.o
LOAD ./Drivers/STM32WBxx_HAL_Driver/Src/stm32wbxx_hal_pwr.o
LOAD ./Drivers/STM32WBxx_HAL_Driver/Src/stm32wbxx_hal_pwr_ex.o
LOAD ./Drivers/STM32WBxx_HAL_Driver/Src/stm32wbxx_hal_rcc.o
LOAD ./Drivers/STM32WBxx_HAL_Driver/Src/stm32wbxx_hal_rcc_ex.o
LOAD ./Drivers/STM32WBxx_HAL_Driver/Src/stm32wbxx_hal_rtc.o
LOAD ./Drivers/STM32WBxx_HAL_Driver/Src/stm32wbxx_hal_rtc_ex.o
LOAD ./Drivers/STM32WBxx_HAL_Driver/Src/stm32wbxx_hal_tim.o
LOAD ./Drivers/STM32WBxx_HAL_Driver/Src/stm32wbxx_hal_tim_ex.o
LOAD ./Drivers/STM32WBxx_HAL_Driver/Src/stm32wbxx_hal_uart.o
LOAD ./Drivers/STM32WBxx_HAL_Driver/Src/stm32wbxx_hal_uart_ex.o
LOAD ./Drivers/STM32WBxx_HAL_Driver/Src/stm32wbxx_ll_adc.o
LOAD ./Drivers/STM32WBxx_HAL_Driver/Src/stm32wbxx_ll_rcc.o
START GROUP
LOAD C:/ST/STM32CubeIDE_1.14.0/STM32CubeIDE/plugins/com.st.stm32cube.ide.mcu.externaltools.gnu-tools-for-stm32.12.3.rel1.win32_1.0.200.202406191623/tools/bin/../lib/gcc/arm-none-eabi/12.3.1/../../../../arm-none-eabi/lib/thumb/v7e-m+fp/hard\libc_nano.a
LOAD C:/ST/STM32CubeIDE_1.14.0/STM32CubeIDE/plugins/com.st.stm32cube.ide.mcu.externaltools.gnu-tools-for-stm32.12.3.rel1.win32_1.0.200.202406191623/tools/bin/../lib/gcc/arm-none-eabi/12.3.1/../../../../arm-none-eabi/lib/thumb/v7e-m+fp/hard\libm.a
END GROUP
START GROUP
LOAD C:/ST/STM32CubeIDE_1.14.0/STM32CubeIDE/plugins/com.st.stm32cube.ide.mcu.externaltools.gnu-tools-for-stm32.12.3.rel1.win32_1.0.200.202406191623/tools/bin/../lib/gcc/arm-none-eabi/12.3.1/thumb/v7e-m+fp/hard\libgcc.a
LOAD C:/ST/STM32CubeIDE_1.14.0/STM32CubeIDE/plugins/com.st.stm32cube.ide.mcu.externaltools.gnu-tools-for-stm32.12.3.rel1.win32_1.0.200.202406191623/tools/bin/../lib/gcc/arm-none-eabi/12.3.1/../../../../arm-none-eabi/lib/thumb/v7e-m+fp/hard\libc_nano.a
END GROUP
START GROUP
LOAD C:/ST/STM32CubeIDE_1.14.0/STM32CubeIDE/plugins/com.st.stm32cube.ide.mcu.externaltools.gnu-tools-for-stm32.12.3.rel1.win32_1.0.200.202406191623/tools/bin/../lib/gcc/arm-none-eabi/12.3.1/thumb/v7e-m+fp/hard\libgcc.a
LOAD C:/ST/STM32CubeIDE_1.14.0/STM32CubeIDE/plugins/com.st.stm32cube.ide.mcu.externaltools.gnu-tools-for-stm32.12.3.rel1.win32_1.0.200.202406191623/tools/bin/../lib/gcc/arm-none-eabi/12.3.1/../../../../arm-none-eabi/lib/thumb/v7e-m+fp/hard\libc_nano.a
LOAD C:/ST/STM32CubeIDE_1.14.0/STM32CubeIDE/plugins/com.st.stm32cube.ide.mcu.externaltools.gnu-tools-for-stm32.12.3.rel1.win32_1.0.200.202406191623/tools/bin/../lib/gcc/arm-none-eabi/12.3.1/../../../../arm-none-eabi/lib/thumb/v7e-m+fp/hard\libnosys.a
END GROUP
START GROUP
LOAD C:/ST/STM32CubeIDE_1.14.0/STM32CubeIDE/plugins/com.st.stm32cube.ide.mcu.externaltools.gnu-tools-for-stm32.12.3.rel1.win32_1.0.200.202406191623/tools/bin/../lib/gcc/arm-none-eabi/12.3.1/thumb/v7e-m+fp/hard\libgcc.a
LOAD C:/ST/STM32CubeIDE_1.14.0/STM32CubeIDE/plugins/com.st.stm32cube.ide.mcu.externaltools.gnu-tools-for-stm32.12.3.rel1.win32_1.0.200.202406191623/tools/bin/../lib/gcc/arm-none-eabi/12.3.1/../../../../arm-none-eabi/lib/thumb/v7e-m+fp/hard\libc_nano.a
LOAD C:/ST/STM32CubeIDE_1.14.0/STM32CubeIDE/plugins/com.st.stm32cube.ide.mcu.externaltools.gnu-tools-for-stm32.12.3.rel1.win32_1.0.200.202406191623/tools/bin/../lib/gcc/arm-none-eabi/12.3.1/../../../../arm-none-eabi/lib/thumb/v7e-m+fp/hard\libnosys.a
END GROUP
LOAD C:/ST/STM32CubeIDE_1.14.0/STM32CubeIDE/plugins/com.st.stm32cube.ide.mcu.externaltools.gnu-tools-for-stm32.12.3.rel1.win32_1.0.200.202406191623/tools/bin/../lib/gcc/arm-none-eabi/12.3.1/thumb/v7e-m+fp/hard/crtend.o
LOAD C:/ST/STM32CubeIDE_1.14.0/STM32CubeIDE/plugins/com.st.stm32cube.ide.mcu.externaltools.gnu-tools-for-stm32.12.3.rel1.win32_1.0.200.202406191623/tools/bin/../lib/gcc/arm-none-eabi/12.3.1/thumb/v7e-m+fp/hard/crtn.o
                0x20030000                        _estack = (ORIGIN (RAM) + LENGTH (RAM))
                0x00000200                        _Min_Heap_Size = 0x200
                0x00000400                        _Min_Stack_Size = 0x400

.isr_vector     0x08000000      0x13c
                0x08000000                        . = ALIGN (0x4)
 *(.isr_vector)
 .isr_vector    0x08000000      0x13c ./Core/Startup/startup_stm32wb55rgvx.o
                0x08000000                g_pfnVectors
                0x0800013c                        . = ALIGN (0x4)

.text           0x08000140     0x5fec
                0x08000140                        . = ALIGN (0x4)
 *(.text)
 .text          0x08000140       0x40 C:/ST/STM32CubeIDE_1.14.0/STM32CubeIDE/plugins/com.st.stm32cube.ide.mcu.externaltools.gnu-tools-for-stm32.12.3.rel1.win32_1.0.200.202406191623/tools/bin/../lib/gcc/arm-none-eabi/12.3.1/thumb/v7e-m+fp/hard/crtbegin.o
 .text          0x08000180       0x10 C:/ST/STM32CubeIDE_1.14.0/STM32CubeIDE/plugins/com.st.stm32cube.ide.mcu.externaltools.gnu-tools-for-stm32.12.3.rel1.win32_1.0.200.202406191623/tools/bin/../lib/gcc/arm-none-eabi/12.3.1/../../../../arm-none-eabi/lib/thumb/v7e-m+fp/hard\libc_nano.a(libc_a-strlen.o)
                0x08000180                strlen
 .text          0x08000190       0xa0 C:/ST/STM32CubeIDE_1.14.0/STM32CubeIDE/plugins/com.st.stm32cube.ide.mcu.externaltools.gnu-tools-for-stm32.12.3.rel1.win32_1.0.200.202406191623/tools/bin/../lib/gcc/arm-none-eabi/12.3.1/../../../../arm-none-eabi/lib/thumb/v7e-m+fp/hard\libc_nano.a(libc_a-memchr.o)
                0x08000190                memchr
 .text          0x08000230       0x30 C:/ST/STM32CubeIDE_1.14.0/STM32CubeIDE/plugins/com.st.stm32cube.ide.mcu.externaltools.gnu-tools-for-stm32.12.3.rel1.win32_1.0.200.202406191623/tools/bin/../lib/gcc/arm-none-eabi/12.3.1/thumb/v7e-m+fp/hard\libgcc.a(_aeabi_uldivmod.o)
                0x08000230                __aeabi_uldivmod
 .text          0x08000260      0x2bc C:/ST/STM32CubeIDE_1.14.0/STM32CubeIDE/plugins/com.st.stm32cube.ide.mcu.externaltools.gnu-tools-for-stm32.12.3.rel1.win32_1.0.200.202406191623/tools/bin/../lib/gcc/arm-none-eabi/12.3.1/thumb/v7e-m+fp/hard\libgcc.a(_udivmoddi4.o)
                0x08000260                __udivmoddi4
 .text          0x0800051c        0x4 C:/ST/STM32CubeIDE_1.14.0/STM32CubeIDE/plugins/com.st.stm32cube.ide.mcu.externaltools.gnu-tools-for-stm32.12.3.rel1.win32_1.0.200.202406191623/tools/bin/../lib/gcc/arm-none-eabi/12.3.1/thumb/v7e-m+fp/hard\libgcc.a(_dvmd_tls.o)
                0x0800051c                __aeabi_idiv0
                0x0800051c                __aeabi_ldiv0
 *(.text*)
 .text.LL_AHB2_GRP1_EnableClock
                0x08000520       0x32 ./Core/Src/main.o
 *fill*         0x08000552        0x2 
 .text.HAL_GPIO_EXTI_Callback
                0x08000554       0x28 ./Core/Src/main.o
                0x08000554                HAL_GPIO_EXTI_Callback
 .text.HAL_RTCEx_WakeUpTimerEventCallback
                0x0800057c       0x20 ./Core/Src/main.o
                0x0800057c                HAL_RTCEx_WakeUpTimerEventCallback
 .text.calculate_temperature
                0x0800059c       0x74 ./Core/Src/main.o
                0x0800059c                calculate_temperature
 .text.calculate_average
                0x08000610       0x4e ./Core/Src/main.o
                0x08000610                calculate_average
 *fill*         0x0800065e        0x2 
 .text.measure_temperature
                0x08000660       0x74 ./Core/Src/main.o
                0x08000660                measure_temperature
 .text.main     0x080006d4      0x15c ./Core/Src/main.o
                0x080006d4                main
 .text.SystemClock_Config
                0x08000830       0xd8 ./Core/Src/main.o
                0x08000830                SystemClock_Config
 .text.PeriphCommonClock_Config
                0x08000908       0x3a ./Core/Src/main.o
                0x08000908                PeriphCommonClock_Config
 *fill*         0x08000942        0x2 
 .text.MX_ADC1_Init
                0x08000944       0xc8 ./Core/Src/main.o
 .text.MX_RTC_Init
                0x08000a0c       0x64 ./Core/Src/main.o
 .text.MX_USART1_UART_Init
                0x08000a70       0x98 ./Core/Src/main.o
 .text.MX_GPIO_Init
                0x08000b08       0xec ./Core/Src/main.o
 .text.Error_Handler
                0x08000bf4        0xc ./Core/Src/main.o
                0x08000bf4                Error_Handler
 .text.LL_RCC_EnableRTC
                0x08000c00       0x22 ./Core/Src/stm32wbxx_hal_msp.o
 .text.LL_AHB2_GRP1_EnableClock
                0x08000c22       0x32 ./Core/Src/stm32wbxx_hal_msp.o
 .text.LL_APB1_GRP1_EnableClock
                0x08000c54       0x32 ./Core/Src/stm32wbxx_hal_msp.o
 .text.LL_APB2_GRP1_EnableClock
                0x08000c86       0x32 ./Core/Src/stm32wbxx_hal_msp.o
 .text.HAL_MspInit
                0x08000cb8        0xe ./Core/Src/stm32wbxx_hal_msp.o
                0x08000cb8                HAL_MspInit
 *fill*         0x08000cc6        0x2 
 .text.HAL_ADC_MspInit
                0x08000cc8       0x54 ./Core/Src/stm32wbxx_hal_msp.o
                0x08000cc8                HAL_ADC_MspInit
 .text.HAL_RTC_MspInit
                0x08000d1c       0x6c ./Core/Src/stm32wbxx_hal_msp.o
                0x08000d1c                HAL_RTC_MspInit
 .text.HAL_UART_MspInit
                0x08000d88       0xac ./Core/Src/stm32wbxx_hal_msp.o
                0x08000d88                HAL_UART_MspInit
 .text.NMI_Handler
                0x08000e34        0x8 ./Core/Src/stm32wbxx_it.o
                0x08000e34                NMI_Handler
 .text.HardFault_Handler
                0x08000e3c        0x8 ./Core/Src/stm32wbxx_it.o
                0x08000e3c                HardFault_Handler
 .text.MemManage_Handler
                0x08000e44        0x8 ./Core/Src/stm32wbxx_it.o
                0x08000e44                MemManage_Handler
 .text.BusFault_Handler
                0x08000e4c        0x8 ./Core/Src/stm32wbxx_it.o
                0x08000e4c                BusFault_Handler
 .text.UsageFault_Handler
                0x08000e54        0x8 ./Core/Src/stm32wbxx_it.o
                0x08000e54                UsageFault_Handler
 .text.SVC_Handler
                0x08000e5c        0xe ./Core/Src/stm32wbxx_it.o
                0x08000e5c                SVC_Handler
 .text.DebugMon_Handler
                0x08000e6a        0xe ./Core/Src/stm32wbxx_it.o
                0x08000e6a                DebugMon_Handler
 .text.PendSV_Handler
                0x08000e78        0xe ./Core/Src/stm32wbxx_it.o
                0x08000e78                PendSV_Handler
 .text.SysTick_Handler
                0x08000e86        0xc ./Core/Src/stm32wbxx_it.o
                0x08000e86                SysTick_Handler
 *fill*         0x08000e92        0x2 
 .text.RTC_WKUP_IRQHandler
                0x08000e94       0x14 ./Core/Src/stm32wbxx_it.o
                0x08000e94                RTC_WKUP_IRQHandler
 .text.EXTI0_IRQHandler
                0x08000ea8        0xe ./Core/Src/stm32wbxx_it.o
                0x08000ea8                EXTI0_IRQHandler
 .text.EXTI1_IRQHandler
                0x08000eb6        0xe ./Core/Src/stm32wbxx_it.o
                0x08000eb6                EXTI1_IRQHandler
 .text._sbrk    0x08000ec4       0x6c ./Core/Src/sysmem.o
                0x08000ec4                _sbrk
 .text.SystemInit
                0x08000f30       0xa4 ./Core/Src/system_stm32wbxx.o
                0x08000f30                SystemInit
 .text.data_initializers
                0x08000fd4       0x18 ./Core/Startup/startup_stm32wb55rgvx.o
 .text.Reset_Handler
                0x08000fec       0x58 ./Core/Startup/startup_stm32wb55rgvx.o
                0x08000fec                Reset_Handler
 .text.Default_Handler
                0x08001044        0x2 ./Core/Startup/startup_stm32wb55rgvx.o
                0x08001044                RTC_Alarm_IRQHandler
                0x08001044                EXTI2_IRQHandler
                0x08001044                TIM1_CC_IRQHandler
                0x08001044                TSC_IRQHandler
                0x08001044                USB_HP_IRQHandler
                0x08001044                EXTI3_IRQHandler
                0x08001044                LPTIM2_IRQHandler
                0x08001044                I2C3_ER_IRQHandler
                0x08001044                FPU_IRQHandler
                0x08001044                TIM1_UP_TIM16_IRQHandler
                0x08001044                AES1_IRQHandler
                0x08001044                SPI1_IRQHandler
                0x08001044                PWR_SOTF_BLEACT_802ACT_RFPHASE_IRQHandler
                0x08001044                DMA2_Channel2_IRQHandler
                0x08001044                DMA1_Channel4_IRQHandler
                0x08001044                ADC1_IRQHandler
                0x08001044                PKA_IRQHandler
                0x08001044                DMA1_Channel7_IRQHandler
                0x08001044                LCD_IRQHandler
                0x08001044                IPCC_C1_TX_IRQHandler
                0x08001044                DMA2_Channel1_IRQHandler
                0x08001044                QUADSPI_IRQHandler
                0x08001044                I2C1_EV_IRQHandler
                0x08001044                DMAMUX1_OVR_IRQHandler
                0x08001044                DMA1_Channel6_IRQHandler
                0x08001044                DMA2_Channel4_IRQHandler
                0x08001044                RCC_IRQHandler
                0x08001044                DMA1_Channel1_IRQHandler
                0x08001044                Default_Handler
                0x08001044                DMA2_Channel7_IRQHandler
                0x08001044                EXTI15_10_IRQHandler
                0x08001044                IPCC_C1_RX_IRQHandler
                0x08001044                C2SEV_PWR_C2H_IRQHandler
                0x08001044                AES2_IRQHandler
                0x08001044                I2C3_EV_IRQHandler
                0x08001044                EXTI9_5_IRQHandler
                0x08001044                PVD_PVM_IRQHandler
                0x08001044                SPI2_IRQHandler
                0x08001044                DMA2_Channel5_IRQHandler
                0x08001044                CRS_IRQHandler
                0x08001044                DMA1_Channel5_IRQHandler
                0x08001044                USB_LP_IRQHandler
                0x08001044                EXTI4_IRQHandler
                0x08001044                RNG_IRQHandler
                0x08001044                TIM1_TRG_COM_TIM17_IRQHandler
                0x08001044                TAMP_STAMP_LSECSS_IRQHandler
                0x08001044                DMA1_Channel3_IRQHandler
                0x08001044                COMP_IRQHandler
                0x08001044                HSEM_IRQHandler
                0x08001044                WWDG_IRQHandler
                0x08001044                LPUART1_IRQHandler
                0x08001044                DMA2_Channel6_IRQHandler
                0x08001044                TIM2_IRQHandler
                0x08001044                TIM1_BRK_IRQHandler
                0x08001044                DMA1_Channel2_IRQHandler
                0x08001044                FLASH_IRQHandler
                0x08001044                USART1_IRQHandler
                0x08001044                I2C1_ER_IRQHandler
                0x08001044                LPTIM1_IRQHandler
                0x08001044                SAI1_IRQHandler
                0x08001044                DMA2_Channel3_IRQHandler
 *fill*         0x08001046        0x2 
 .text.HAL_Init
                0x08001048       0x40 ./Drivers/STM32WBxx_HAL_Driver/Src/stm32wbxx_hal.o
                0x08001048                HAL_Init
 .text.HAL_InitTick
                0x08001088       0x74 ./Drivers/STM32WBxx_HAL_Driver/Src/stm32wbxx_hal.o
                0x08001088                HAL_InitTick
 .text.HAL_IncTick
                0x080010fc       0x28 ./Drivers/STM32WBxx_HAL_Driver/Src/stm32wbxx_hal.o
                0x080010fc                HAL_IncTick
 .text.HAL_GetTick
                0x08001124       0x18 ./Drivers/STM32WBxx_HAL_Driver/Src/stm32wbxx_hal.o
                0x08001124                HAL_GetTick
 .text.HAL_GetTickPrio
                0x0800113c       0x18 ./Drivers/STM32WBxx_HAL_Driver/Src/stm32wbxx_hal.o
                0x0800113c                HAL_GetTickPrio
 .text.HAL_Delay
                0x08001154       0x48 ./Drivers/STM32WBxx_HAL_Driver/Src/stm32wbxx_hal.o
                0x08001154                HAL_Delay
 .text.HAL_SuspendTick
                0x0800119c       0x20 ./Drivers/STM32WBxx_HAL_Driver/Src/stm32wbxx_hal.o
                0x0800119c                HAL_SuspendTick
 .text.HAL_ResumeTick
                0x080011bc       0x20 ./Drivers/STM32WBxx_HAL_Driver/Src/stm32wbxx_hal.o
                0x080011bc                HAL_ResumeTick
 .text.LL_ADC_SetCommonClock
                0x080011dc       0x26 ./Drivers/STM32WBxx_HAL_Driver/Src/stm32wbxx_hal_adc.o
 .text.LL_ADC_SetCommonPathInternalCh
                0x08001202       0x26 ./Drivers/STM32WBxx_HAL_Driver/Src/stm32wbxx_hal_adc.o
 .text.LL_ADC_GetCommonPathInternalCh
                0x08001228       0x1c ./Drivers/STM32WBxx_HAL_Driver/Src/stm32wbxx_hal_adc.o
 .text.LL_ADC_SetOffset
                0x08001244       0x48 ./Drivers/STM32WBxx_HAL_Driver/Src/stm32wbxx_hal_adc.o
 .text.LL_ADC_GetOffsetChannel
                0x0800128c       0x2c ./Drivers/STM32WBxx_HAL_Driver/Src/stm32wbxx_hal_adc.o
 .text.LL_ADC_SetOffsetState
                0x080012b8       0x36 ./Drivers/STM32WBxx_HAL_Driver/Src/stm32wbxx_hal_adc.o
 .text.LL_ADC_REG_IsTriggerSourceSWStart
                0x080012ee       0x26 ./Drivers/STM32WBxx_HAL_Driver/Src/stm32wbxx_hal_adc.o
 .text.LL_ADC_REG_SetSequencerRanks
                0x08001314       0x58 ./Drivers/STM32WBxx_HAL_Driver/Src/stm32wbxx_hal_adc.o
 .text.LL_ADC_SetChannelSamplingTime
                0x0800136c       0x56 ./Drivers/STM32WBxx_HAL_Driver/Src/stm32wbxx_hal_adc.o
 *fill*         0x080013c2        0x2 
 .text.LL_ADC_SetChannelSingleDiff
                0x080013c4       0x48 ./Drivers/STM32WBxx_HAL_Driver/Src/stm32wbxx_hal_adc.o
 .text.LL_ADC_DisableDeepPowerDown
                0x0800140c       0x24 ./Drivers/STM32WBxx_HAL_Driver/Src/stm32wbxx_hal_adc.o
 .text.LL_ADC_IsDeepPowerDownEnabled
                0x08001430       0x28 ./Drivers/STM32WBxx_HAL_Driver/Src/stm32wbxx_hal_adc.o
 .text.LL_ADC_EnableInternalRegulator
                0x08001458       0x28 ./Drivers/STM32WBxx_HAL_Driver/Src/stm32wbxx_hal_adc.o
 .text.LL_ADC_IsInternalRegulatorEnabled
                0x08001480       0x28 ./Drivers/STM32WBxx_HAL_Driver/Src/stm32wbxx_hal_adc.o
 .text.LL_ADC_Enable
                0x080014a8       0x28 ./Drivers/STM32WBxx_HAL_Driver/Src/stm32wbxx_hal_adc.o
 .text.LL_ADC_Disable
                0x080014d0       0x28 ./Drivers/STM32WBxx_HAL_Driver/Src/stm32wbxx_hal_adc.o
 .text.LL_ADC_IsEnabled
                0x080014f8       0x26 ./Drivers/STM32WBxx_HAL_Driver/Src/stm32wbxx_hal_adc.o
 .text.LL_ADC_IsDisableOngoing
                0x0800151e       0x26 ./Drivers/STM32WBxx_HAL_Driver/Src/stm32wbxx_hal_adc.o
 .text.LL_ADC_REG_StartConversion
                0x08001544       0x28 ./Drivers/STM32WBxx_HAL_Driver/Src/stm32wbxx_hal_adc.o
 .text.LL_ADC_REG_StopConversion
                0x0800156c       0x28 ./Drivers/STM32WBxx_HAL_Driver/Src/stm32wbxx_hal_adc.o
 .text.LL_ADC_REG_IsConversionOngoing
                0x08001594       0x26 ./Drivers/STM32WBxx_HAL_Driver/Src/stm32wbxx_hal_adc.o
 .text.LL_ADC_INJ_StopConversion
                0x080015ba       0x28 ./Drivers/STM32WBxx_HAL_Driver/Src/stm32wbxx_hal_adc.o
 .text.LL_ADC_INJ_IsConversionOngoing
                0x080015e2       0x26 ./Drivers/STM32WBxx_HAL_Driver/Src/stm32wbxx_hal_adc.o
 .text.HAL_ADC_Init
                0x08001608      0x298 ./Drivers/STM32WBxx_HAL_Driver/Src/stm32wbxx_hal_adc.o
                0x08001608                HAL_ADC_Init
 .text.HAL_ADC_Start
                0x080018a0       0xa8 ./Drivers/STM32WBxx_HAL_Driver/Src/stm32wbxx_hal_adc.o
                0x080018a0                HAL_ADC_Start
 .text.HAL_ADC_Stop
                0x08001948       0x66 ./Drivers/STM32WBxx_HAL_Driver/Src/stm32wbxx_hal_adc.o
                0x08001948                HAL_ADC_Stop
 .text.HAL_ADC_PollForConversion
                0x080019ae      0x11a ./Drivers/STM32WBxx_HAL_Driver/Src/stm32wbxx_hal_adc.o
                0x080019ae                HAL_ADC_PollForConversion
 .text.HAL_ADC_GetValue
                0x08001ac8       0x1a ./Drivers/STM32WBxx_HAL_Driver/Src/stm32wbxx_hal_adc.o
                0x08001ac8                HAL_ADC_GetValue
 *fill*         0x08001ae2        0x2 
 .text.HAL_ADC_ConfigChannel
                0x08001ae4      0x78c ./Drivers/STM32WBxx_HAL_Driver/Src/stm32wbxx_hal_adc.o
                0x08001ae4                HAL_ADC_ConfigChannel
 .text.ADC_ConversionStop
                0x08002270      0x178 ./Drivers/STM32WBxx_HAL_Driver/Src/stm32wbxx_hal_adc.o
                0x08002270                ADC_ConversionStop
 .text.ADC_Enable
                0x080023e8       0xf4 ./Drivers/STM32WBxx_HAL_Driver/Src/stm32wbxx_hal_adc.o
                0x080023e8                ADC_Enable
 .text.ADC_Disable
                0x080024dc       0xbe ./Drivers/STM32WBxx_HAL_Driver/Src/stm32wbxx_hal_adc.o
                0x080024dc                ADC_Disable
 *fill*         0x0800259a        0x2 
 .text.__NVIC_SetPriorityGrouping
                0x0800259c       0x48 ./Drivers/STM32WBxx_HAL_Driver/Src/stm32wbxx_hal_cortex.o
 .text.__NVIC_GetPriorityGrouping
                0x080025e4       0x1c ./Drivers/STM32WBxx_HAL_Driver/Src/stm32wbxx_hal_cortex.o
 .text.__NVIC_EnableIRQ
                0x08002600       0x3c ./Drivers/STM32WBxx_HAL_Driver/Src/stm32wbxx_hal_cortex.o
 .text.__NVIC_SetPriority
                0x0800263c       0x54 ./Drivers/STM32WBxx_HAL_Driver/Src/stm32wbxx_hal_cortex.o
 .text.NVIC_EncodePriority
                0x08002690       0x66 ./Drivers/STM32WBxx_HAL_Driver/Src/stm32wbxx_hal_cortex.o
 *fill*         0x080026f6        0x2 
 .text.SysTick_Config
                0x080026f8       0x44 ./Drivers/STM32WBxx_HAL_Driver/Src/stm32wbxx_hal_cortex.o
 .text.HAL_NVIC_SetPriorityGrouping
                0x0800273c       0x16 ./Drivers/STM32WBxx_HAL_Driver/Src/stm32wbxx_hal_cortex.o
                0x0800273c                HAL_NVIC_SetPriorityGrouping
 .text.HAL_NVIC_SetPriority
                0x08002752       0x34 ./Drivers/STM32WBxx_HAL_Driver/Src/stm32wbxx_hal_cortex.o
                0x08002752                HAL_NVIC_SetPriority
 .text.HAL_NVIC_EnableIRQ
                0x08002786       0x1c ./Drivers/STM32WBxx_HAL_Driver/Src/stm32wbxx_hal_cortex.o
                0x08002786                HAL_NVIC_EnableIRQ
 .text.HAL_SYSTICK_Config
                0x080027a2       0x18 ./Drivers/STM32WBxx_HAL_Driver/Src/stm32wbxx_hal_cortex.o
                0x080027a2                HAL_SYSTICK_Config
 *fill*         0x080027ba        0x2 
 .text.HAL_GPIO_Init
                0x080027bc      0x2e0 ./Drivers/STM32WBxx_HAL_Driver/Src/stm32wbxx_hal_gpio.o
                0x080027bc                HAL_GPIO_Init
 .text.HAL_GPIO_WritePin
                0x08002a9c       0x30 ./Drivers/STM32WBxx_HAL_Driver/Src/stm32wbxx_hal_gpio.o
                0x08002a9c                HAL_GPIO_WritePin
 .text.HAL_GPIO_EXTI_IRQHandler
                0x08002acc       0x30 ./Drivers/STM32WBxx_HAL_Driver/Src/stm32wbxx_hal_gpio.o
                0x08002acc                HAL_GPIO_EXTI_IRQHandler
 .text.HAL_PWR_EnableBkUpAccess
                0x08002afc       0x20 ./Drivers/STM32WBxx_HAL_Driver/Src/stm32wbxx_hal_pwr.o
                0x08002afc                HAL_PWR_EnableBkUpAccess
 .text.HAL_PWR_EnterSTOPMode
                0x08002b1c       0x2e ./Drivers/STM32WBxx_HAL_Driver/Src/stm32wbxx_hal_pwr.o
                0x08002b1c                HAL_PWR_EnterSTOPMode
 *fill*         0x08002b4a        0x2 
 .text.HAL_PWREx_GetVoltageRange
                0x08002b4c       0x1c ./Drivers/STM32WBxx_HAL_Driver/Src/stm32wbxx_hal_pwr_ex.o
                0x08002b4c                HAL_PWREx_GetVoltageRange
 .text.HAL_PWREx_EnterSTOP0Mode
                0x08002b68       0x54 ./Drivers/STM32WBxx_HAL_Driver/Src/stm32wbxx_hal_pwr_ex.o
                0x08002b68                HAL_PWREx_EnterSTOP0Mode
 .text.HAL_PWREx_EnterSTOP1Mode
                0x08002bbc       0x58 ./Drivers/STM32WBxx_HAL_Driver/Src/stm32wbxx_hal_pwr_ex.o
                0x08002bbc                HAL_PWREx_EnterSTOP1Mode
 .text.LL_RCC_HSE_IsEnabledDiv2
                0x08002c14       0x24 ./Drivers/STM32WBxx_HAL_Driver/Src/stm32wbxx_hal_rcc.o
 .text.LL_RCC_HSE_Enable
                0x08002c38       0x1e ./Drivers/STM32WBxx_HAL_Driver/Src/stm32wbxx_hal_rcc.o
 .text.LL_RCC_HSE_Disable
                0x08002c56       0x1e ./Drivers/STM32WBxx_HAL_Driver/Src/stm32wbxx_hal_rcc.o
 .text.LL_RCC_HSE_IsReady
                0x08002c74       0x24 ./Drivers/STM32WBxx_HAL_Driver/Src/stm32wbxx_hal_rcc.o
 .text.LL_RCC_HSI_Enable
                0x08002c98       0x1e ./Drivers/STM32WBxx_HAL_Driver/Src/stm32wbxx_hal_rcc.o
 .text.LL_RCC_HSI_Disable
                0x08002cb6       0x1e ./Drivers/STM32WBxx_HAL_Driver/Src/stm32wbxx_hal_rcc.o
 .text.LL_RCC_HSI_IsReady
                0x08002cd4       0x24 ./Drivers/STM32WBxx_HAL_Driver/Src/stm32wbxx_hal_rcc.o
 .text.LL_RCC_HSI_SetCalibTrimming
                0x08002cf8       0x2a ./Drivers/STM32WBxx_HAL_Driver/Src/stm32wbxx_hal_rcc.o
 .text.LL_RCC_HSI48_Enable
                0x08002d22       0x22 ./Drivers/STM32WBxx_HAL_Driver/Src/stm32wbxx_hal_rcc.o
 .text.LL_RCC_HSI48_Disable
                0x08002d44       0x22 ./Drivers/STM32WBxx_HAL_Driver/Src/stm32wbxx_hal_rcc.o
 .text.LL_RCC_HSI48_IsReady
                0x08002d66       0x24 ./Drivers/STM32WBxx_HAL_Driver/Src/stm32wbxx_hal_rcc.o
 .text.LL_RCC_LSE_Enable
                0x08002d8a       0x22 ./Drivers/STM32WBxx_HAL_Driver/Src/stm32wbxx_hal_rcc.o
 .text.LL_RCC_LSE_Disable
                0x08002dac       0x22 ./Drivers/STM32WBxx_HAL_Driver/Src/stm32wbxx_hal_rcc.o
 .text.LL_RCC_LSE_EnableBypass
                0x08002dce       0x22 ./Drivers/STM32WBxx_HAL_Driver/Src/stm32wbxx_hal_rcc.o
 .text.LL_RCC_LSE_DisableBypass
                0x08002df0       0x22 ./Drivers/STM32WBxx_HAL_Driver/Src/stm32wbxx_hal_rcc.o
 .text.LL_RCC_LSE_IsReady
                0x08002e12       0x24 ./Drivers/STM32WBxx_HAL_Driver/Src/stm32wbxx_hal_rcc.o
 .text.LL_RCC_LSI1_Enable
                0x08002e36       0x22 ./Drivers/STM32WBxx_HAL_Driver/Src/stm32wbxx_hal_rcc.o
 .text.LL_RCC_LSI1_Disable
                0x08002e58       0x22 ./Drivers/STM32WBxx_HAL_Driver/Src/stm32wbxx_hal_rcc.o
 .text.LL_RCC_LSI1_IsReady
                0x08002e7a       0x24 ./Drivers/STM32WBxx_HAL_Driver/Src/stm32wbxx_hal_rcc.o
 .text.LL_RCC_LSI2_Enable
                0x08002e9e       0x22 ./Drivers/STM32WBxx_HAL_Driver/Src/stm32wbxx_hal_rcc.o
 .text.LL_RCC_LSI2_Disable
                0x08002ec0       0x22 ./Drivers/STM32WBxx_HAL_Driver/Src/stm32wbxx_hal_rcc.o
 .text.LL_RCC_LSI2_IsReady
                0x08002ee2       0x24 ./Drivers/STM32WBxx_HAL_Driver/Src/stm32wbxx_hal_rcc.o
 .text.LL_RCC_LSI2_SetTrimming
                0x08002f06       0x2e ./Drivers/STM32WBxx_HAL_Driver/Src/stm32wbxx_hal_rcc.o
 .text.LL_RCC_MSI_Enable
                0x08002f34       0x1e ./Drivers/STM32WBxx_HAL_Driver/Src/stm32wbxx_hal_rcc.o
 .text.LL_RCC_MSI_Disable
                0x08002f52       0x1e ./Drivers/STM32WBxx_HAL_Driver/Src/stm32wbxx_hal_rcc.o
 .text.LL_RCC_MSI_IsReady
                0x08002f70       0x22 ./Drivers/STM32WBxx_HAL_Driver/Src/stm32wbxx_hal_rcc.o
 .text.LL_RCC_MSI_SetRange
                0x08002f92       0x28 ./Drivers/STM32WBxx_HAL_Driver/Src/stm32wbxx_hal_rcc.o
 .text.LL_RCC_MSI_GetRange
                0x08002fba       0x2a ./Drivers/STM32WBxx_HAL_Driver/Src/stm32wbxx_hal_rcc.o
 .text.LL_RCC_MSI_SetCalibTrimming
                0x08002fe4       0x2a ./Drivers/STM32WBxx_HAL_Driver/Src/stm32wbxx_hal_rcc.o
 .text.LL_RCC_SetSysClkSource
                0x0800300e       0x28 ./Drivers/STM32WBxx_HAL_Driver/Src/stm32wbxx_hal_rcc.o
 .text.LL_RCC_GetSysClkSource
                0x08003036       0x18 ./Drivers/STM32WBxx_HAL_Driver/Src/stm32wbxx_hal_rcc.o
 .text.LL_RCC_SetAHBPrescaler
                0x0800304e       0x28 ./Drivers/STM32WBxx_HAL_Driver/Src/stm32wbxx_hal_rcc.o
 .text.LL_C2_RCC_SetAHBPrescaler
                0x08003076       0x2c ./Drivers/STM32WBxx_HAL_Driver/Src/stm32wbxx_hal_rcc.o
 .text.LL_RCC_SetAHB4Prescaler
                0x080030a2       0x2e ./Drivers/STM32WBxx_HAL_Driver/Src/stm32wbxx_hal_rcc.o
 .text.LL_RCC_SetAPB1Prescaler
                0x080030d0       0x28 ./Drivers/STM32WBxx_HAL_Driver/Src/stm32wbxx_hal_rcc.o
 .text.LL_RCC_SetAPB2Prescaler
                0x080030f8       0x28 ./Drivers/STM32WBxx_HAL_Driver/Src/stm32wbxx_hal_rcc.o
 .text.LL_RCC_GetAHBPrescaler
                0x08003120       0x18 ./Drivers/STM32WBxx_HAL_Driver/Src/stm32wbxx_hal_rcc.o
 .text.LL_RCC_GetAHB4Prescaler
                0x08003138       0x1c ./Drivers/STM32WBxx_HAL_Driver/Src/stm32wbxx_hal_rcc.o
 .text.LL_RCC_GetAPB1Prescaler
                0x08003154       0x18 ./Drivers/STM32WBxx_HAL_Driver/Src/stm32wbxx_hal_rcc.o
 .text.LL_RCC_GetAPB2Prescaler
                0x0800316c       0x18 ./Drivers/STM32WBxx_HAL_Driver/Src/stm32wbxx_hal_rcc.o
 .text.LL_RCC_PLL_Enable
                0x08003184       0x1e ./Drivers/STM32WBxx_HAL_Driver/Src/stm32wbxx_hal_rcc.o
 .text.LL_RCC_PLL_Disable
                0x080031a2       0x1e ./Drivers/STM32WBxx_HAL_Driver/Src/stm32wbxx_hal_rcc.o
 .text.LL_RCC_PLL_IsReady
                0x080031c0       0x24 ./Drivers/STM32WBxx_HAL_Driver/Src/stm32wbxx_hal_rcc.o
 .text.LL_RCC_PLL_GetN
                0x080031e4       0x1a ./Drivers/STM32WBxx_HAL_Driver/Src/stm32wbxx_hal_rcc.o
 .text.LL_RCC_PLL_GetR
                0x080031fe       0x18 ./Drivers/STM32WBxx_HAL_Driver/Src/stm32wbxx_hal_rcc.o
 .text.LL_RCC_PLL_GetDivider
                0x08003216       0x18 ./Drivers/STM32WBxx_HAL_Driver/Src/stm32wbxx_hal_rcc.o
 .text.LL_RCC_PLL_GetMainSource
                0x0800322e       0x18 ./Drivers/STM32WBxx_HAL_Driver/Src/stm32wbxx_hal_rcc.o
 .text.LL_RCC_IsActiveFlag_HPRE
                0x08003246       0x24 ./Drivers/STM32WBxx_HAL_Driver/Src/stm32wbxx_hal_rcc.o
 .text.LL_RCC_IsActiveFlag_C2HPRE
                0x0800326a       0x26 ./Drivers/STM32WBxx_HAL_Driver/Src/stm32wbxx_hal_rcc.o
 .text.LL_RCC_IsActiveFlag_SHDHPRE
                0x08003290       0x26 ./Drivers/STM32WBxx_HAL_Driver/Src/stm32wbxx_hal_rcc.o
 .text.LL_RCC_IsActiveFlag_PPRE1
                0x080032b6       0x24 ./Drivers/STM32WBxx_HAL_Driver/Src/stm32wbxx_hal_rcc.o
 .text.LL_RCC_IsActiveFlag_PPRE2
                0x080032da       0x24 ./Drivers/STM32WBxx_HAL_Driver/Src/stm32wbxx_hal_rcc.o
 *fill*         0x080032fe        0x2 
 .text.HAL_RCC_OscConfig
                0x08003300      0x6e8 ./Drivers/STM32WBxx_HAL_Driver/Src/stm32wbxx_hal_rcc.o
                0x08003300                HAL_RCC_OscConfig
 .text.HAL_RCC_ClockConfig
                0x080039e8      0x280 ./Drivers/STM32WBxx_HAL_Driver/Src/stm32wbxx_hal_rcc.o
                0x080039e8                HAL_RCC_ClockConfig
 .text.HAL_RCC_GetSysClockFreq
                0x08003c68       0xd8 ./Drivers/STM32WBxx_HAL_Driver/Src/stm32wbxx_hal_rcc.o
                0x08003c68                HAL_RCC_GetSysClockFreq
 .text.HAL_RCC_GetHCLKFreq
                0x08003d40       0x28 ./Drivers/STM32WBxx_HAL_Driver/Src/stm32wbxx_hal_rcc.o
                0x08003d40                HAL_RCC_GetHCLKFreq
 .text.HAL_RCC_GetPCLK1Freq
                0x08003d68       0x2c ./Drivers/STM32WBxx_HAL_Driver/Src/stm32wbxx_hal_rcc.o
                0x08003d68                HAL_RCC_GetPCLK1Freq
 .text.HAL_RCC_GetPCLK2Freq
                0x08003d94       0x2c ./Drivers/STM32WBxx_HAL_Driver/Src/stm32wbxx_hal_rcc.o
                0x08003d94                HAL_RCC_GetPCLK2Freq
 .text.RCC_SetFlashLatencyFromMSIRange
                0x08003dc0       0x70 ./Drivers/STM32WBxx_HAL_Driver/Src/stm32wbxx_hal_rcc.o
 .text.RCC_SetFlashLatency
                0x08003e30       0xf8 ./Drivers/STM32WBxx_HAL_Driver/Src/stm32wbxx_hal_rcc.o
 .text.LL_RCC_LSE_IsEnabled
                0x08003f28       0x24 ./Drivers/STM32WBxx_HAL_Driver/Src/stm32wbxx_hal_rcc_ex.o
 .text.LL_RCC_LSE_IsReady
                0x08003f4c       0x24 ./Drivers/STM32WBxx_HAL_Driver/Src/stm32wbxx_hal_rcc_ex.o
 .text.LL_RCC_SetRFWKPClockSource
                0x08003f70       0x2c ./Drivers/STM32WBxx_HAL_Driver/Src/stm32wbxx_hal_rcc_ex.o
 .text.LL_RCC_SetSMPSClockSource
                0x08003f9c       0x28 ./Drivers/STM32WBxx_HAL_Driver/Src/stm32wbxx_hal_rcc_ex.o
 .text.LL_RCC_SetSMPSPrescaler
                0x08003fc4       0x28 ./Drivers/STM32WBxx_HAL_Driver/Src/stm32wbxx_hal_rcc_ex.o
 .text.LL_RCC_SetUSARTClockSource
                0x08003fec       0x2c ./Drivers/STM32WBxx_HAL_Driver/Src/stm32wbxx_hal_rcc_ex.o
 .text.LL_RCC_SetLPUARTClockSource
                0x08004018       0x2c ./Drivers/STM32WBxx_HAL_Driver/Src/stm32wbxx_hal_rcc_ex.o
 .text.LL_RCC_SetI2CClockSource
                0x08004044       0x3a ./Drivers/STM32WBxx_HAL_Driver/Src/stm32wbxx_hal_rcc_ex.o
 .text.LL_RCC_SetLPTIMClockSource
                0x0800407e       0x34 ./Drivers/STM32WBxx_HAL_Driver/Src/stm32wbxx_hal_rcc_ex.o
 .text.LL_RCC_SetSAIClockSource
                0x080040b2       0x2c ./Drivers/STM32WBxx_HAL_Driver/Src/stm32wbxx_hal_rcc_ex.o
 .text.LL_RCC_SetRNGClockSource
                0x080040de       0x2c ./Drivers/STM32WBxx_HAL_Driver/Src/stm32wbxx_hal_rcc_ex.o
 .text.LL_RCC_SetCLK48ClockSource
                0x0800410a       0x2c ./Drivers/STM32WBxx_HAL_Driver/Src/stm32wbxx_hal_rcc_ex.o
 .text.LL_RCC_SetUSBClockSource
                0x08004136       0x16 ./Drivers/STM32WBxx_HAL_Driver/Src/stm32wbxx_hal_rcc_ex.o
 .text.LL_RCC_SetADCClockSource
                0x0800414c       0x2c ./Drivers/STM32WBxx_HAL_Driver/Src/stm32wbxx_hal_rcc_ex.o
 .text.LL_RCC_SetRTCClockSource
                0x08004178       0x2c ./Drivers/STM32WBxx_HAL_Driver/Src/stm32wbxx_hal_rcc_ex.o
 .text.LL_RCC_GetRTCClockSource
                0x080041a4       0x1a ./Drivers/STM32WBxx_HAL_Driver/Src/stm32wbxx_hal_rcc_ex.o
 .text.LL_RCC_ForceBackupDomainReset
                0x080041be       0x22 ./Drivers/STM32WBxx_HAL_Driver/Src/stm32wbxx_hal_rcc_ex.o
 .text.LL_RCC_ReleaseBackupDomainReset
                0x080041e0       0x22 ./Drivers/STM32WBxx_HAL_Driver/Src/stm32wbxx_hal_rcc_ex.o
 .text.LL_RCC_PLLSAI1_Enable
                0x08004202       0x1e ./Drivers/STM32WBxx_HAL_Driver/Src/stm32wbxx_hal_rcc_ex.o
 .text.LL_RCC_PLLSAI1_Disable
                0x08004220       0x1e ./Drivers/STM32WBxx_HAL_Driver/Src/stm32wbxx_hal_rcc_ex.o
 .text.LL_RCC_PLLSAI1_IsReady
                0x0800423e       0x24 ./Drivers/STM32WBxx_HAL_Driver/Src/stm32wbxx_hal_rcc_ex.o
 .text.HAL_RCCEx_PeriphCLKConfig
                0x08004262      0x2ec ./Drivers/STM32WBxx_HAL_Driver/Src/stm32wbxx_hal_rcc_ex.o
                0x08004262                HAL_RCCEx_PeriphCLKConfig
 .text.RCCEx_PLLSAI1_ConfigNP
                0x0800454e       0xb6 ./Drivers/STM32WBxx_HAL_Driver/Src/stm32wbxx_hal_rcc_ex.o
 .text.RCCEx_PLLSAI1_ConfigNQ
                0x08004604       0xb6 ./Drivers/STM32WBxx_HAL_Driver/Src/stm32wbxx_hal_rcc_ex.o
 .text.RCCEx_PLLSAI1_ConfigNR
                0x080046ba       0xb6 ./Drivers/STM32WBxx_HAL_Driver/Src/stm32wbxx_hal_rcc_ex.o
 .text.HAL_RTC_Init
                0x08004770      0x160 ./Drivers/STM32WBxx_HAL_Driver/Src/stm32wbxx_hal_rtc.o
                0x08004770                HAL_RTC_Init
 .text.HAL_RTC_WaitForSynchro
                0x080048d0       0x4c ./Drivers/STM32WBxx_HAL_Driver/Src/stm32wbxx_hal_rtc.o
                0x080048d0                HAL_RTC_WaitForSynchro
 .text.RTC_EnterInitMode
                0x0800491c       0x54 ./Drivers/STM32WBxx_HAL_Driver/Src/stm32wbxx_hal_rtc.o
                0x0800491c                RTC_EnterInitMode
 .text.HAL_RTCEx_SetWakeUpTimer_IT
                0x08004970      0x178 ./Drivers/STM32WBxx_HAL_Driver/Src/stm32wbxx_hal_rtc_ex.o
                0x08004970                HAL_RTCEx_SetWakeUpTimer_IT
 .text.HAL_RTCEx_WakeUpTimerIRQHandler
                0x08004ae8       0x4c ./Drivers/STM32WBxx_HAL_Driver/Src/stm32wbxx_hal_rtc_ex.o
                0x08004ae8                HAL_RTCEx_WakeUpTimerIRQHandler
 .text.LL_RCC_GetUSARTClockSource
                0x08004b34       0x20 ./Drivers/STM32WBxx_HAL_Driver/Src/stm32wbxx_hal_uart.o
 .text.LL_RCC_GetLPUARTClockSource
                0x08004b54       0x20 ./Drivers/STM32WBxx_HAL_Driver/Src/stm32wbxx_hal_uart.o
 .text.HAL_HalfDuplex_Init
                0x08004b74       0xb0 ./Drivers/STM32WBxx_HAL_Driver/Src/stm32wbxx_hal_uart.o
                0x08004b74                HAL_HalfDuplex_Init
 .text.HAL_UART_Transmit
                0x08004c24      0x11c ./Drivers/STM32WBxx_HAL_Driver/Src/stm32wbxx_hal_uart.o
                0x08004c24                HAL_UART_Transmit
 .text.UART_SetConfig
                0x08004d40      0x450 ./Drivers/STM32WBxx_HAL_Driver/Src/stm32wbxx_hal_uart.o
                0x08004d40                UART_SetConfig
 .text.UART_AdvFeatureConfig
                0x08005190      0x144 ./Drivers/STM32WBxx_HAL_Driver/Src/stm32wbxx_hal_uart.o
                0x08005190                UART_AdvFeatureConfig
 .text.UART_CheckIdleState
                0x080052d4      0x154 ./Drivers/STM32WBxx_HAL_Driver/Src/stm32wbxx_hal_uart.o
                0x080052d4                UART_CheckIdleState
 .text.UART_WaitOnFlagUntilTimeout
                0x08005428       0xda ./Drivers/STM32WBxx_HAL_Driver/Src/stm32wbxx_hal_uart.o
                0x08005428                UART_WaitOnFlagUntilTimeout
 .text.UART_EndRxTransfer
                0x08005502       0xcc ./Drivers/STM32WBxx_HAL_Driver/Src/stm32wbxx_hal_uart.o
 .text.HAL_UARTEx_DisableFifoMode
                0x080055ce       0x72 ./Drivers/STM32WBxx_HAL_Driver/Src/stm32wbxx_hal_uart_ex.o
                0x080055ce                HAL_UARTEx_DisableFifoMode
 .text.HAL_UARTEx_SetTxFifoThreshold
                0x08005640       0x7c ./Drivers/STM32WBxx_HAL_Driver/Src/stm32wbxx_hal_uart_ex.o
                0x08005640                HAL_UARTEx_SetTxFifoThreshold
 .text.HAL_UARTEx_SetRxFifoThreshold
                0x080056bc       0x7c ./Drivers/STM32WBxx_HAL_Driver/Src/stm32wbxx_hal_uart_ex.o
                0x080056bc                HAL_UARTEx_SetRxFifoThreshold
 .text.UARTEx_SetNbDataToProcess
                0x08005738       0x9c ./Drivers/STM32WBxx_HAL_Driver/Src/stm32wbxx_hal_uart_ex.o
 .text.sprintf  0x080057d4       0x40 C:/ST/STM32CubeIDE_1.14.0/STM32CubeIDE/plugins/com.st.stm32cube.ide.mcu.externaltools.gnu-tools-for-stm32.12.3.rel1.win32_1.0.200.202406191623/tools/bin/../lib/gcc/arm-none-eabi/12.3.1/../../../../arm-none-eabi/lib/thumb/v7e-m+fp/hard\libc_nano.a(libc_a-sprintf.o)
                0x080057d4                siprintf
                0x080057d4                sprintf
 .text.memset   0x08005814       0x10 C:/ST/STM32CubeIDE_1.14.0/STM32CubeIDE/plugins/com.st.stm32cube.ide.mcu.externaltools.gnu-tools-for-stm32.12.3.rel1.win32_1.0.200.202406191623/tools/bin/../lib/gcc/arm-none-eabi/12.3.1/../../../../arm-none-eabi/lib/thumb/v7e-m+fp/hard\libc_nano.a(libc_a-memset.o)
                0x08005814                memset
 .text.__errno  0x08005824        0xc C:/ST/STM32CubeIDE_1.14.0/STM32CubeIDE/plugins/com.st.stm32cube.ide.mcu.externaltools.gnu-tools-for-stm32.12.3.rel1.win32_1.0.200.202406191623/tools/bin/../lib/gcc/arm-none-eabi/12.3.1/../../../../arm-none-eabi/lib/thumb/v7e-m+fp/hard\libc_nano.a(libc_a-errno.o)
                0x08005824                __errno
 .text.__libc_init_array
                0x08005830       0x48 C:/ST/STM32CubeIDE_1.14.0/STM32CubeIDE/plugins/com.st.stm32cube.ide.mcu.externaltools.gnu-tools-for-stm32.12.3.rel1.win32_1.0.200.202406191623/tools/bin/../lib/gcc/arm-none-eabi/12.3.1/../../../../arm-none-eabi/lib/thumb/v7e-m+fp/hard\libc_nano.a(libc_a-init.o)
                0x08005830                __libc_init_array
 .text.__retarget_lock_acquire_recursive
                0x08005878        0x2 C:/ST/STM32CubeIDE_1.14.0/STM32CubeIDE/plugins/com.st.stm32cube.ide.mcu.externaltools.gnu-tools-for-stm32.12.3.rel1.win32_1.0.200.202406191623/tools/bin/../lib/gcc/arm-none-eabi/12.3.1/../../../../arm-none-eabi/lib/thumb/v7e-m+fp/hard\libc_nano.a(libc_a-lock.o)
                0x08005878                __retarget_lock_acquire_recursive
 .text.__retarget_lock_release_recursive
                0x0800587a        0x2 C:/ST/STM32CubeIDE_1.14.0/STM32CubeIDE/plugins/com.st.stm32cube.ide.mcu.externaltools.gnu-tools-for-stm32.12.3.rel1.win32_1.0.200.202406191623/tools/bin/../lib/gcc/arm-none-eabi/12.3.1/../../../../arm-none-eabi/lib/thumb/v7e-m+fp/hard\libc_nano.a(libc_a-lock.o)
                0x0800587a                __retarget_lock_release_recursive
 .text._free_r  0x0800587c       0x94 C:/ST/STM32CubeIDE_1.14.0/STM32CubeIDE/plugins/com.st.stm32cube.ide.mcu.externaltools.gnu-tools-for-stm32.12.3.rel1.win32_1.0.200.202406191623/tools/bin/../lib/gcc/arm-none-eabi/12.3.1/../../../../arm-none-eabi/lib/thumb/v7e-m+fp/hard\libc_nano.a(libc_a-freer.o)
                0x0800587c                _free_r
 .text.sbrk_aligned
                0x08005910       0x44 C:/ST/STM32CubeIDE_1.14.0/STM32CubeIDE/plugins/com.st.stm32cube.ide.mcu.externaltools.gnu-tools-for-stm32.12.3.rel1.win32_1.0.200.202406191623/tools/bin/../lib/gcc/arm-none-eabi/12.3.1/../../../../arm-none-eabi/lib/thumb/v7e-m+fp/hard\libc_nano.a(libc_a-mallocr.o)
 .text._malloc_r
                0x08005954      0x100 C:/ST/STM32CubeIDE_1.14.0/STM32CubeIDE/plugins/com.st.stm32cube.ide.mcu.externaltools.gnu-tools-for-stm32.12.3.rel1.win32_1.0.200.202406191623/tools/bin/../lib/gcc/arm-none-eabi/12.3.1/../../../../arm-none-eabi/lib/thumb/v7e-m+fp/hard\libc_nano.a(libc_a-mallocr.o)
                0x08005954                _malloc_r
 .text.__malloc_lock
                0x08005a54        0xc C:/ST/STM32CubeIDE_1.14.0/STM32CubeIDE/plugins/com.st.stm32cube.ide.mcu.externaltools.gnu-tools-for-stm32.12.3.rel1.win32_1.0.200.202406191623/tools/bin/../lib/gcc/arm-none-eabi/12.3.1/../../../../arm-none-eabi/lib/thumb/v7e-m+fp/hard\libc_nano.a(libc_a-mlock.o)
                0x08005a54                __malloc_lock
 .text.__malloc_unlock
                0x08005a60        0xc C:/ST/STM32CubeIDE_1.14.0/STM32CubeIDE/plugins/com.st.stm32cube.ide.mcu.externaltools.gnu-tools-for-stm32.12.3.rel1.win32_1.0.200.202406191623/tools/bin/../lib/gcc/arm-none-eabi/12.3.1/../../../../arm-none-eabi/lib/thumb/v7e-m+fp/hard\libc_nano.a(libc_a-mlock.o)
                0x08005a60                __malloc_unlock
 .text.__ssputs_r
                0x08005a6c       0xb6 C:/ST/STM32CubeIDE_1.14.0/STM32CubeIDE/plugins/com.st.stm32cube.ide.mcu.externaltools.gnu-tools-for-stm32.12.3.rel1.win32_1.0.200.202406191623/tools/bin/../lib/gcc/arm-none-eabi/12.3.1/../../../../arm-none-eabi/lib/thumb/v7e-m+fp/hard\libc_nano.a(libc_a-nano-svfprintf.o)
                0x08005a6c                __ssputs_r
 *fill*         0x08005b22        0x2 
 .text._svfprintf_r
                0x08005b24      0x1f8 C:/ST/STM32CubeIDE_1.14.0/STM32CubeIDE/plugins/com.st.stm32cube.ide.mcu.externaltools.gnu-tools-for-stm32.12.3.rel1.win32_1.0.200.202406191623/tools/bin/../lib/gcc/arm-none-eabi/12.3.1/../../../../arm-none-eabi/lib/thumb/v7e-m+fp/hard\libc_nano.a(libc_a-nano-svfprintf.o)
                0x08005b24                _svfiprintf_r
                0x08005b24                _svfprintf_r
 .text._printf_common
                0x08005d1c       0xda C:/ST/STM32CubeIDE_1.14.0/STM32CubeIDE/plugins/com.st.stm32cube.ide.mcu.externaltools.gnu-tools-for-stm32.12.3.rel1.win32_1.0.200.202406191623/tools/bin/../lib/gcc/arm-none-eabi/12.3.1/../../../../arm-none-eabi/lib/thumb/v7e-m+fp/hard\libc_nano.a(libc_a-nano-vfprintf_i.o)
                0x08005d1c                _printf_common
 *fill*         0x08005df6        0x2 
 .text._printf_i
                0x08005df8      0x240 C:/ST/STM32CubeIDE_1.14.0/STM32CubeIDE/plugins/com.st.stm32cube.ide.mcu.externaltools.gnu-tools-for-stm32.12.3.rel1.win32_1.0.200.202406191623/tools/bin/../lib/gcc/arm-none-eabi/12.3.1/../../../../arm-none-eabi/lib/thumb/v7e-m+fp/hard\libc_nano.a(libc_a-nano-vfprintf_i.o)
                0x08005df8                _printf_i
 .text.memmove  0x08006038       0x34 C:/ST/STM32CubeIDE_1.14.0/STM32CubeIDE/plugins/com.st.stm32cube.ide.mcu.externaltools.gnu-tools-for-stm32.12.3.rel1.win32_1.0.200.202406191623/tools/bin/../lib/gcc/arm-none-eabi/12.3.1/../../../../arm-none-eabi/lib/thumb/v7e-m+fp/hard\libc_nano.a(libc_a-memmove.o)
                0x08006038                memmove
 .text._sbrk_r  0x0800606c       0x20 C:/ST/STM32CubeIDE_1.14.0/STM32CubeIDE/plugins/com.st.stm32cube.ide.mcu.externaltools.gnu-tools-for-stm32.12.3.rel1.win32_1.0.200.202406191623/tools/bin/../lib/gcc/arm-none-eabi/12.3.1/../../../../arm-none-eabi/lib/thumb/v7e-m+fp/hard\libc_nano.a(libc_a-sbrkr.o)
                0x0800606c                _sbrk_r
 .text.memcpy   0x0800608c       0x1c C:/ST/STM32CubeIDE_1.14.0/STM32CubeIDE/plugins/com.st.stm32cube.ide.mcu.externaltools.gnu-tools-for-stm32.12.3.rel1.win32_1.0.200.202406191623/tools/bin/../lib/gcc/arm-none-eabi/12.3.1/../../../../arm-none-eabi/lib/thumb/v7e-m+fp/hard\libc_nano.a(libc_a-memcpy-stub.o)
                0x0800608c                memcpy
 .text._realloc_r
                0x080060a8       0x5c C:/ST/STM32CubeIDE_1.14.0/STM32CubeIDE/plugins/com.st.stm32cube.ide.mcu.externaltools.gnu-tools-for-stm32.12.3.rel1.win32_1.0.200.202406191623/tools/bin/../lib/gcc/arm-none-eabi/12.3.1/../../../../arm-none-eabi/lib/thumb/v7e-m+fp/hard\libc_nano.a(libc_a-reallocr.o)
                0x080060a8                _realloc_r
 .text._malloc_usable_size_r
                0x08006104       0x10 C:/ST/STM32CubeIDE_1.14.0/STM32CubeIDE/plugins/com.st.stm32cube.ide.mcu.externaltools.gnu-tools-for-stm32.12.3.rel1.win32_1.0.200.202406191623/tools/bin/../lib/gcc/arm-none-eabi/12.3.1/../../../../arm-none-eabi/lib/thumb/v7e-m+fp/hard\libc_nano.a(libc_a-msizer.o)
                0x08006104                _malloc_usable_size_r
 *(.glue_7)
 .glue_7        0x08006114        0x0 linker stubs
 *(.glue_7t)
 .glue_7t       0x08006114        0x0 linker stubs
 *(.eh_frame)
 .eh_frame      0x08006114        0x0 C:/ST/STM32CubeIDE_1.14.0/STM32CubeIDE/plugins/com.st.stm32cube.ide.mcu.externaltools.gnu-tools-for-stm32.12.3.rel1.win32_1.0.200.202406191623/tools/bin/../lib/gcc/arm-none-eabi/12.3.1/thumb/v7e-m+fp/hard/crtbegin.o
 *(.init)
 .init          0x08006114        0x4 C:/ST/STM32CubeIDE_1.14.0/STM32CubeIDE/plugins/com.st.stm32cube.ide.mcu.externaltools.gnu-tools-for-stm32.12.3.rel1.win32_1.0.200.202406191623/tools/bin/../lib/gcc/arm-none-eabi/12.3.1/thumb/v7e-m+fp/hard/crti.o
                0x08006114                _init
 .init          0x08006118        0x8 C:/ST/STM32CubeIDE_1.14.0/STM32CubeIDE/plugins/com.st.stm32cube.ide.mcu.externaltools.gnu-tools-for-stm32.12.3.rel1.win32_1.0.200.202406191623/tools/bin/../lib/gcc/arm-none-eabi/12.3.1/thumb/v7e-m+fp/hard/crtn.o
 *(.fini)
 .fini          0x08006120        0x4 C:/ST/STM32CubeIDE_1.14.0/STM32CubeIDE/plugins/com.st.stm32cube.ide.mcu.externaltools.gnu-tools-for-stm32.12.3.rel1.win32_1.0.200.202406191623/tools/bin/../lib/gcc/arm-none-eabi/12.3.1/thumb/v7e-m+fp/hard/crti.o
                0x08006120                _fini
 .fini          0x08006124        0x8 C:/ST/STM32CubeIDE_1.14.0/STM32CubeIDE/plugins/com.st.stm32cube.ide.mcu.externaltools.gnu-tools-for-stm32.12.3.rel1.win32_1.0.200.202406191623/tools/bin/../lib/gcc/arm-none-eabi/12.3.1/thumb/v7e-m+fp/hard/crtn.o
                0x0800612c                        . = ALIGN (0x4)
                0x0800612c                        _etext = .

.vfp11_veneer   0x0800612c        0x0
 .vfp11_veneer  0x0800612c        0x0 linker stubs

.v4_bx          0x0800612c        0x0
 .v4_bx         0x0800612c        0x0 linker stubs

.iplt           0x0800612c        0x0
 .iplt          0x0800612c        0x0 C:/ST/STM32CubeIDE_1.14.0/STM32CubeIDE/plugins/com.st.stm32cube.ide.mcu.externaltools.gnu-tools-for-stm32.12.3.rel1.win32_1.0.200.202406191623/tools/bin/../lib/gcc/arm-none-eabi/12.3.1/thumb/v7e-m+fp/hard/crtbegin.o

.rodata         0x0800612c      0x18c
                0x0800612c                        . = ALIGN (0x4)
 *(.rodata)
 .rodata        0x0800612c       0x64 ./Core/Src/main.o
 .rodata        0x08006190       0x2c ./Drivers/STM32WBxx_HAL_Driver/Src/stm32wbxx_hal_rcc.o
 *(.rodata*)
 .rodata.AHBPrescTable
                0x080061bc       0x40 ./Core/Src/system_stm32wbxx.o
                0x080061bc                AHBPrescTable
 .rodata.APBPrescTable
                0x080061fc       0x20 ./Core/Src/system_stm32wbxx.o
                0x080061fc                APBPrescTable
 .rodata.MSIRangeTable
                0x0800621c       0x40 ./Core/Src/system_stm32wbxx.o
                0x0800621c                MSIRangeTable
 .rodata.UARTPrescTable
                0x0800625c       0x18 ./Drivers/STM32WBxx_HAL_Driver/Src/stm32wbxx_hal_uart.o
                0x0800625c                UARTPrescTable
 .rodata.numerator.1
                0x08006274        0x8 ./Drivers/STM32WBxx_HAL_Driver/Src/stm32wbxx_hal_uart_ex.o
 .rodata.denominator.0
                0x0800627c        0x8 ./Drivers/STM32WBxx_HAL_Driver/Src/stm32wbxx_hal_uart_ex.o
 .rodata._svfprintf_r.str1.1
                0x08006284       0x11 C:/ST/STM32CubeIDE_1.14.0/STM32CubeIDE/plugins/com.st.stm32cube.ide.mcu.externaltools.gnu-tools-for-stm32.12.3.rel1.win32_1.0.200.202406191623/tools/bin/../lib/gcc/arm-none-eabi/12.3.1/../../../../arm-none-eabi/lib/thumb/v7e-m+fp/hard\libc_nano.a(libc_a-nano-svfprintf.o)
 .rodata._printf_i.str1.1
                0x08006295       0x22 C:/ST/STM32CubeIDE_1.14.0/STM32CubeIDE/plugins/com.st.stm32cube.ide.mcu.externaltools.gnu-tools-for-stm32.12.3.rel1.win32_1.0.200.202406191623/tools/bin/../lib/gcc/arm-none-eabi/12.3.1/../../../../arm-none-eabi/lib/thumb/v7e-m+fp/hard\libc_nano.a(libc_a-nano-vfprintf_i.o)
                0x080062b8                        . = ALIGN (0x4)
 *fill*         0x080062b7        0x1 

.ARM.extab
 *(.ARM.extab* .gnu.linkonce.armextab.*)

.ARM            0x080062b8        0x8
                0x080062b8                        __exidx_start = .
 *(.ARM.exidx*)
 .ARM.exidx     0x080062b8        0x8 C:/ST/STM32CubeIDE_1.14.0/STM32CubeIDE/plugins/com.st.stm32cube.ide.mcu.externaltools.gnu-tools-for-stm32.12.3.rel1.win32_1.0.200.202406191623/tools/bin/../lib/gcc/arm-none-eabi/12.3.1/../../../../arm-none-eabi/lib/thumb/v7e-m+fp/hard\libc_nano.a(libc_a-strlen.o)
 .ARM.exidx     0x080062c0        0x0 C:/ST/STM32CubeIDE_1.14.0/STM32CubeIDE/plugins/com.st.stm32cube.ide.mcu.externaltools.gnu-tools-for-stm32.12.3.rel1.win32_1.0.200.202406191623/tools/bin/../lib/gcc/arm-none-eabi/12.3.1/../../../../arm-none-eabi/lib/thumb/v7e-m+fp/hard\libc_nano.a(libc_a-memchr.o)
                                  0x8 (size before relaxing)
 .ARM.exidx     0x080062c0        0x0 C:/ST/STM32CubeIDE_1.14.0/STM32CubeIDE/plugins/com.st.stm32cube.ide.mcu.externaltools.gnu-tools-for-stm32.12.3.rel1.win32_1.0.200.202406191623/tools/bin/../lib/gcc/arm-none-eabi/12.3.1/thumb/v7e-m+fp/hard\libgcc.a(_udivmoddi4.o)
                                  0x8 (size before relaxing)
                0x080062c0                        __exidx_end = .

.preinit_array  0x080062c0        0x0
                0x080062c0                        PROVIDE (__preinit_array_start = .)
 *(.preinit_array*)
                0x080062c0                        PROVIDE (__preinit_array_end = .)

.init_array     0x080062c0        0x4
                0x080062c0                        PROVIDE (__init_array_start = .)
 *(SORT_BY_NAME(.init_array.*))
 *(.init_array*)
 .init_array    0x080062c0        0x4 C:/ST/STM32CubeIDE_1.14.0/STM32CubeIDE/plugins/com.st.stm32cube.ide.mcu.externaltools.gnu-tools-for-stm32.12.3.rel1.win32_1.0.200.202406191623/tools/bin/../lib/gcc/arm-none-eabi/12.3.1/thumb/v7e-m+fp/hard/crtbegin.o
                0x080062c4                        PROVIDE (__init_array_end = .)

.fini_array     0x080062c4        0x4
                [!provide]                        PROVIDE (__fini_array_start = .)
 *(SORT_BY_NAME(.fini_array.*))
 *(.fini_array*)
 .fini_array    0x080062c4        0x4 C:/ST/STM32CubeIDE_1.14.0/STM32CubeIDE/plugins/com.st.stm32cube.ide.mcu.externaltools.gnu-tools-for-stm32.12.3.rel1.win32_1.0.200.202406191623/tools/bin/../lib/gcc/arm-none-eabi/12.3.1/thumb/v7e-m+fp/hard/crtbegin.o
                [!provide]                        PROVIDE (__fini_array_end = .)
                0x080062c8                        _sidata = LOADADDR (.data)

.rel.dyn        0x080062c8        0x0
 .rel.iplt      0x080062c8        0x0 C:/ST/STM32CubeIDE_1.14.0/STM32CubeIDE/plugins/com.st.stm32cube.ide.mcu.externaltools.gnu-tools-for-stm32.12.3.rel1.win32_1.0.200.202406191623/tools/bin/../lib/gcc/arm-none-eabi/12.3.1/thumb/v7e-m+fp/hard/crtbegin.o

.data           0x20000008       0x5c load address 0x080062c8
                0x20000008                        . = ALIGN (0x4)
                0x20000008                        _sdata = .
 *(.data)
 *(.data*)
 .data.SystemCoreClock
                0x20000008        0x4 ./Core/Src/system_stm32wbxx.o
                0x20000008                SystemCoreClock
 .data.uwTickPrio
                0x2000000c        0x4 ./Drivers/STM32WBxx_HAL_Driver/Src/stm32wbxx_hal.o
                0x2000000c                uwTickPrio
 .data.uwTickFreq
                0x20000010        0x1 ./Drivers/STM32WBxx_HAL_Driver/Src/stm32wbxx_hal.o
                0x20000010                uwTickFreq
 *fill*         0x20000011        0x3 
 .data._impure_ptr
                0x20000014        0x4 C:/ST/STM32CubeIDE_1.14.0/STM32CubeIDE/plugins/com.st.stm32cube.ide.mcu.externaltools.gnu-tools-for-stm32.12.3.rel1.win32_1.0.200.202406191623/tools/bin/../lib/gcc/arm-none-eabi/12.3.1/../../../../arm-none-eabi/lib/thumb/v7e-m+fp/hard\libc_nano.a(libc_a-impure.o)
                0x20000014                _impure_ptr
 .data._impure_data
                0x20000018       0x4c C:/ST/STM32CubeIDE_1.14.0/STM32CubeIDE/plugins/com.st.stm32cube.ide.mcu.externaltools.gnu-tools-for-stm32.12.3.rel1.win32_1.0.200.202406191623/tools/bin/../lib/gcc/arm-none-eabi/12.3.1/../../../../arm-none-eabi/lib/thumb/v7e-m+fp/hard\libc_nano.a(libc_a-impure.o)
                0x20000018                _impure_data
 *(.RamFunc)
 *(.RamFunc*)
                0x20000064                        . = ALIGN (0x4)
                0x20000064                        _edata = .

.igot.plt       0x20000064        0x0 load address 0x08006324
 .igot.plt      0x20000064        0x0 C:/ST/STM32CubeIDE_1.14.0/STM32CubeIDE/plugins/com.st.stm32cube.ide.mcu.externaltools.gnu-tools-for-stm32.12.3.rel1.win32_1.0.200.202406191623/tools/bin/../lib/gcc/arm-none-eabi/12.3.1/thumb/v7e-m+fp/hard/crtbegin.o
                0x20000064                        . = ALIGN (0x4)

.bss            0x20000064      0x28c load address 0x08006324
                0x20000064                        _sbss = .
                0x20000064                        __bss_start__ = _sbss
 *(.bss)
 .bss           0x20000064       0x1c C:/ST/STM32CubeIDE_1.14.0/STM32CubeIDE/plugins/com.st.stm32cube.ide.mcu.externaltools.gnu-tools-for-stm32.12.3.rel1.win32_1.0.200.202406191623/tools/bin/../lib/gcc/arm-none-eabi/12.3.1/thumb/v7e-m+fp/hard/crtbegin.o
 *(.bss*)
 .bss.hadc1     0x20000080       0x64 ./Core/Src/main.o
                0x20000080                hadc1
 .bss.hrtc      0x200000e4       0x24 ./Core/Src/main.o
                0x200000e4                hrtc
 .bss.huart1    0x20000108       0x94 ./Core/Src/main.o
                0x20000108                huart1
 .bss.exti_interupt
                0x2000019c        0x1 ./Core/Src/main.o
                0x2000019c                exti_interupt
 .bss.rtc_interupt
                0x2000019d        0x1 ./Core/Src/main.o
                0x2000019d                rtc_interupt
 *fill*         0x2000019e        0x2 
 .bss.__sbrk_heap_end
                0x200001a0        0x4 ./Core/Src/sysmem.o
 .bss.uwTick    0x200001a4        0x4 ./Drivers/STM32WBxx_HAL_Driver/Src/stm32wbxx_hal.o
                0x200001a4                uwTick
 .bss.__sf      0x200001a8      0x138 C:/ST/STM32CubeIDE_1.14.0/STM32CubeIDE/plugins/com.st.stm32cube.ide.mcu.externaltools.gnu-tools-for-stm32.12.3.rel1.win32_1.0.200.202406191623/tools/bin/../lib/gcc/arm-none-eabi/12.3.1/../../../../arm-none-eabi/lib/thumb/v7e-m+fp/hard\libc_nano.a(libc_a-findfp.o)
                0x200001a8                __sf
 .bss.errno     0x200002e0        0x4 C:/ST/STM32CubeIDE_1.14.0/STM32CubeIDE/plugins/com.st.stm32cube.ide.mcu.externaltools.gnu-tools-for-stm32.12.3.rel1.win32_1.0.200.202406191623/tools/bin/../lib/gcc/arm-none-eabi/12.3.1/../../../../arm-none-eabi/lib/thumb/v7e-m+fp/hard\libc_nano.a(libc_a-reent.o)
                0x200002e0                errno
 .bss.__lock___malloc_recursive_mutex
                0x200002e4        0x1 C:/ST/STM32CubeIDE_1.14.0/STM32CubeIDE/plugins/com.st.stm32cube.ide.mcu.externaltools.gnu-tools-for-stm32.12.3.rel1.win32_1.0.200.202406191623/tools/bin/../lib/gcc/arm-none-eabi/12.3.1/../../../../arm-none-eabi/lib/thumb/v7e-m+fp/hard\libc_nano.a(libc_a-lock.o)
                0x200002e4                __lock___malloc_recursive_mutex
 *fill*         0x200002e5        0x3 
 .bss.__malloc_sbrk_start
                0x200002e8        0x4 C:/ST/STM32CubeIDE_1.14.0/STM32CubeIDE/plugins/com.st.stm32cube.ide.mcu.externaltools.gnu-tools-for-stm32.12.3.rel1.win32_1.0.200.202406191623/tools/bin/../lib/gcc/arm-none-eabi/12.3.1/../../../../arm-none-eabi/lib/thumb/v7e-m+fp/hard\libc_nano.a(libc_a-mallocr.o)
                0x200002e8                __malloc_sbrk_start
 .bss.__malloc_free_list
                0x200002ec        0x4 C:/ST/STM32CubeIDE_1.14.0/STM32CubeIDE/plugins/com.st.stm32cube.ide.mcu.externaltools.gnu-tools-for-stm32.12.3.rel1.win32_1.0.200.202406191623/tools/bin/../lib/gcc/arm-none-eabi/12.3.1/../../../../arm-none-eabi/lib/thumb/v7e-m+fp/hard\libc_nano.a(libc_a-mallocr.o)
                0x200002ec                __malloc_free_list
 *(COMMON)
                0x200002f0                        . = ALIGN (0x4)
                0x200002f0                        _ebss = .
                0x200002f0                        __bss_end__ = _ebss

._user_heap_stack
                0x200002f0      0x600 load address 0x08006324
                0x200002f0                        . = ALIGN (0x8)
                [!provide]                        PROVIDE (end = .)
                0x200002f0                        PROVIDE (_end = .)
                0x200004f0                        . = (. + _Min_Heap_Size)
 *fill*         0x200002f0      0x200 
                0x200008f0                        . = (. + _Min_Stack_Size)
 *fill*         0x200004f0      0x400 
                0x200008f0                        . = ALIGN (0x8)

/DISCARD/
 libc.a(*)
 libm.a(*)
 libgcc.a(*)

.ARM.attributes
                0x00000000       0x30
 *(.ARM.attributes)
 .ARM.attributes
                0x00000000       0x22 C:/ST/STM32CubeIDE_1.14.0/STM32CubeIDE/plugins/com.st.stm32cube.ide.mcu.externaltools.gnu-tools-for-stm32.12.3.rel1.win32_1.0.200.202406191623/tools/bin/../lib/gcc/arm-none-eabi/12.3.1/thumb/v7e-m+fp/hard/crti.o
 .ARM.attributes
                0x00000022       0x34 C:/ST/STM32CubeIDE_1.14.0/STM32CubeIDE/plugins/com.st.stm32cube.ide.mcu.externaltools.gnu-tools-for-stm32.12.3.rel1.win32_1.0.200.202406191623/tools/bin/../lib/gcc/arm-none-eabi/12.3.1/thumb/v7e-m+fp/hard/crtbegin.o
 .ARM.attributes
                0x00000056       0x34 ./Core/Src/main.o
 .ARM.attributes
                0x0000008a       0x34 ./Core/Src/stm32wbxx_hal_msp.o
 .ARM.attributes
                0x000000be       0x34 ./Core/Src/stm32wbxx_it.o
 .ARM.attributes
                0x000000f2       0x34 ./Core/Src/sysmem.o
 .ARM.attributes
                0x00000126       0x34 ./Core/Src/system_stm32wbxx.o
 .ARM.attributes
                0x0000015a       0x21 ./Core/Startup/startup_stm32wb55rgvx.o
 .ARM.attributes
                0x0000017b       0x34 ./Drivers/STM32WBxx_HAL_Driver/Src/stm32wbxx_hal.o
 .ARM.attributes
                0x000001af       0x34 ./Drivers/STM32WBxx_HAL_Driver/Src/stm32wbxx_hal_adc.o
 .ARM.attributes
                0x000001e3       0x34 ./Drivers/STM32WBxx_HAL_Driver/Src/stm32wbxx_hal_cortex.o
 .ARM.attributes
                0x00000217       0x34 ./Drivers/STM32WBxx_HAL_Driver/Src/stm32wbxx_hal_gpio.o
 .ARM.attributes
                0x0000024b       0x34 ./Drivers/STM32WBxx_HAL_Driver/Src/stm32wbxx_hal_pwr.o
 .ARM.attributes
                0x0000027f       0x34 ./Drivers/STM32WBxx_HAL_Driver/Src/stm32wbxx_hal_pwr_ex.o
 .ARM.attributes
                0x000002b3       0x34 ./Drivers/STM32WBxx_HAL_Driver/Src/stm32wbxx_hal_rcc.o
 .ARM.attributes
                0x000002e7       0x34 ./Drivers/STM32WBxx_HAL_Driver/Src/stm32wbxx_hal_rcc_ex.o
 .ARM.attributes
                0x0000031b       0x34 ./Drivers/STM32WBxx_HAL_Driver/Src/stm32wbxx_hal_rtc.o
 .ARM.attributes
                0x0000034f       0x34 ./Drivers/STM32WBxx_HAL_Driver/Src/stm32wbxx_hal_rtc_ex.o
 .ARM.attributes
                0x00000383       0x34 ./Drivers/STM32WBxx_HAL_Driver/Src/stm32wbxx_hal_uart.o
 .ARM.attributes
                0x000003b7       0x34 ./Drivers/STM32WBxx_HAL_Driver/Src/stm32wbxx_hal_uart_ex.o
 .ARM.attributes
                0x000003eb       0x34 C:/ST/STM32CubeIDE_1.14.0/STM32CubeIDE/plugins/com.st.stm32cube.ide.mcu.externaltools.gnu-tools-for-stm32.12.3.rel1.win32_1.0.200.202406191623/tools/bin/../lib/gcc/arm-none-eabi/12.3.1/../../../../arm-none-eabi/lib/thumb/v7e-m+fp/hard\libc_nano.a(libc_a-findfp.o)
 .ARM.attributes
                0x0000041f       0x34 C:/ST/STM32CubeIDE_1.14.0/STM32CubeIDE/plugins/com.st.stm32cube.ide.mcu.externaltools.gnu-tools-for-stm32.12.3.rel1.win32_1.0.200.202406191623/tools/bin/../lib/gcc/arm-none-eabi/12.3.1/../../../../arm-none-eabi/lib/thumb/v7e-m+fp/hard\libc_nano.a(libc_a-sprintf.o)
 .ARM.attributes
                0x00000453       0x34 C:/ST/STM32CubeIDE_1.14.0/STM32CubeIDE/plugins/com.st.stm32cube.ide.mcu.externaltools.gnu-tools-for-stm32.12.3.rel1.win32_1.0.200.202406191623/tools/bin/../lib/gcc/arm-none-eabi/12.3.1/../../../../arm-none-eabi/lib/thumb/v7e-m+fp/hard\libc_nano.a(libc_a-memset.o)
 .ARM.attributes
                0x00000487       0x34 C:/ST/STM32CubeIDE_1.14.0/STM32CubeIDE/plugins/com.st.stm32cube.ide.mcu.externaltools.gnu-tools-for-stm32.12.3.rel1.win32_1.0.200.202406191623/tools/bin/../lib/gcc/arm-none-eabi/12.3.1/../../../../arm-none-eabi/lib/thumb/v7e-m+fp/hard\libc_nano.a(libc_a-reent.o)
 .ARM.attributes
                0x000004bb       0x34 C:/ST/STM32CubeIDE_1.14.0/STM32CubeIDE/plugins/com.st.stm32cube.ide.mcu.externaltools.gnu-tools-for-stm32.12.3.rel1.win32_1.0.200.202406191623/tools/bin/../lib/gcc/arm-none-eabi/12.3.1/../../../../arm-none-eabi/lib/thumb/v7e-m+fp/hard\libc_nano.a(libc_a-impure.o)
 .ARM.attributes
                0x000004ef       0x34 C:/ST/STM32CubeIDE_1.14.0/STM32CubeIDE/plugins/com.st.stm32cube.ide.mcu.externaltools.gnu-tools-for-stm32.12.3.rel1.win32_1.0.200.202406191623/tools/bin/../lib/gcc/arm-none-eabi/12.3.1/../../../../arm-none-eabi/lib/thumb/v7e-m+fp/hard\libc_nano.a(libc_a-errno.o)
 .ARM.attributes
                0x00000523       0x34 C:/ST/STM32CubeIDE_1.14.0/STM32CubeIDE/plugins/com.st.stm32cube.ide.mcu.externaltools.gnu-tools-for-stm32.12.3.rel1.win32_1.0.200.202406191623/tools/bin/../lib/gcc/arm-none-eabi/12.3.1/../../../../arm-none-eabi/lib/thumb/v7e-m+fp/hard\libc_nano.a(libc_a-init.o)
 .ARM.attributes
                0x00000557       0x34 C:/ST/STM32CubeIDE_1.14.0/STM32CubeIDE/plugins/com.st.stm32cube.ide.mcu.externaltools.gnu-tools-for-stm32.12.3.rel1.win32_1.0.200.202406191623/tools/bin/../lib/gcc/arm-none-eabi/12.3.1/../../../../arm-none-eabi/lib/thumb/v7e-m+fp/hard\libc_nano.a(libc_a-lock.o)
 .ARM.attributes
                0x0000058b       0x17 C:/ST/STM32CubeIDE_1.14.0/STM32CubeIDE/plugins/com.st.stm32cube.ide.mcu.externaltools.gnu-tools-for-stm32.12.3.rel1.win32_1.0.200.202406191623/tools/bin/../lib/gcc/arm-none-eabi/12.3.1/../../../../arm-none-eabi/lib/thumb/v7e-m+fp/hard\libc_nano.a(libc_a-strlen.o)
 .ARM.attributes
                0x000005a2       0x34 C:/ST/STM32CubeIDE_1.14.0/STM32CubeIDE/plugins/com.st.stm32cube.ide.mcu.externaltools.gnu-tools-for-stm32.12.3.rel1.win32_1.0.200.202406191623/tools/bin/../lib/gcc/arm-none-eabi/12.3.1/../../../../arm-none-eabi/lib/thumb/v7e-m+fp/hard\libc_nano.a(libc_a-freer.o)
 .ARM.attributes
                0x000005d6       0x34 C:/ST/STM32CubeIDE_1.14.0/STM32CubeIDE/plugins/com.st.stm32cube.ide.mcu.externaltools.gnu-tools-for-stm32.12.3.rel1.win32_1.0.200.202406191623/tools/bin/../lib/gcc/arm-none-eabi/12.3.1/../../../../arm-none-eabi/lib/thumb/v7e-m+fp/hard\libc_nano.a(libc_a-mallocr.o)
 .ARM.attributes
                0x0000060a       0x34 C:/ST/STM32CubeIDE_1.14.0/STM32CubeIDE/plugins/com.st.stm32cube.ide.mcu.externaltools.gnu-tools-for-stm32.12.3.rel1.win32_1.0.200.202406191623/tools/bin/../lib/gcc/arm-none-eabi/12.3.1/../../../../arm-none-eabi/lib/thumb/v7e-m+fp/hard\libc_nano.a(libc_a-mlock.o)
 .ARM.attributes
                0x0000063e       0x34 C:/ST/STM32CubeIDE_1.14.0/STM32CubeIDE/plugins/com.st.stm32cube.ide.mcu.externaltools.gnu-tools-for-stm32.12.3.rel1.win32_1.0.200.202406191623/tools/bin/../lib/gcc/arm-none-eabi/12.3.1/../../../../arm-none-eabi/lib/thumb/v7e-m+fp/hard\libc_nano.a(libc_a-nano-svfprintf.o)
 .ARM.attributes
                0x00000672       0x34 C:/ST/STM32CubeIDE_1.14.0/STM32CubeIDE/plugins/com.st.stm32cube.ide.mcu.externaltools.gnu-tools-for-stm32.12.3.rel1.win32_1.0.200.202406191623/tools/bin/../lib/gcc/arm-none-eabi/12.3.1/../../../../arm-none-eabi/lib/thumb/v7e-m+fp/hard\libc_nano.a(libc_a-nano-vfprintf_i.o)
 .ARM.attributes
                0x000006a6       0x34 C:/ST/STM32CubeIDE_1.14.0/STM32CubeIDE/plugins/com.st.stm32cube.ide.mcu.externaltools.gnu-tools-for-stm32.12.3.rel1.win32_1.0.200.202406191623/tools/bin/../lib/gcc/arm-none-eabi/12.3.1/../../../../arm-none-eabi/lib/thumb/v7e-m+fp/hard\libc_nano.a(libc_a-memmove.o)
 .ARM.attributes
                0x000006da       0x34 C:/ST/STM32CubeIDE_1.14.0/STM32CubeIDE/plugins/com.st.stm32cube.ide.mcu.externaltools.gnu-tools-for-stm32.12.3.rel1.win32_1.0.200.202406191623/tools/bin/../lib/gcc/arm-none-eabi/12.3.1/../../../../arm-none-eabi/lib/thumb/v7e-m+fp/hard\libc_nano.a(libc_a-sbrkr.o)
 .ARM.attributes
                0x0000070e       0x1c C:/ST/STM32CubeIDE_1.14.0/STM32CubeIDE/plugins/com.st.stm32cube.ide.mcu.externaltools.gnu-tools-for-stm32.12.3.rel1.win32_1.0.200.202406191623/tools/bin/../lib/gcc/arm-none-eabi/12.3.1/../../../../arm-none-eabi/lib/thumb/v7e-m+fp/hard\libc_nano.a(libc_a-memchr.o)
 .ARM.attributes
                0x0000072a       0x34 C:/ST/STM32CubeIDE_1.14.0/STM32CubeIDE/plugins/com.st.stm32cube.ide.mcu.externaltools.gnu-tools-for-stm32.12.3.rel1.win32_1.0.200.202406191623/tools/bin/../lib/gcc/arm-none-eabi/12.3.1/../../../../arm-none-eabi/lib/thumb/v7e-m+fp/hard\libc_nano.a(libc_a-memcpy-stub.o)
 .ARM.attributes
                0x0000075e       0x34 C:/ST/STM32CubeIDE_1.14.0/STM32CubeIDE/plugins/com.st.stm32cube.ide.mcu.externaltools.gnu-tools-for-stm32.12.3.rel1.win32_1.0.200.202406191623/tools/bin/../lib/gcc/arm-none-eabi/12.3.1/../../../../arm-none-eabi/lib/thumb/v7e-m+fp/hard\libc_nano.a(libc_a-reallocr.o)
 .ARM.attributes
                0x00000792       0x34 C:/ST/STM32CubeIDE_1.14.0/STM32CubeIDE/plugins/com.st.stm32cube.ide.mcu.externaltools.gnu-tools-for-stm32.12.3.rel1.win32_1.0.200.202406191623/tools/bin/../lib/gcc/arm-none-eabi/12.3.1/../../../../arm-none-eabi/lib/thumb/v7e-m+fp/hard\libc_nano.a(libc_a-msizer.o)
 .ARM.attributes
                0x000007c6       0x22 C:/ST/STM32CubeIDE_1.14.0/STM32CubeIDE/plugins/com.st.stm32cube.ide.mcu.externaltools.gnu-tools-for-stm32.12.3.rel1.win32_1.0.200.202406191623/tools/bin/../lib/gcc/arm-none-eabi/12.3.1/thumb/v7e-m+fp/hard\libgcc.a(_aeabi_uldivmod.o)
 .ARM.attributes
                0x000007e8       0x34 C:/ST/STM32CubeIDE_1.14.0/STM32CubeIDE/plugins/com.st.stm32cube.ide.mcu.externaltools.gnu-tools-for-stm32.12.3.rel1.win32_1.0.200.202406191623/tools/bin/../lib/gcc/arm-none-eabi/12.3.1/thumb/v7e-m+fp/hard\libgcc.a(_udivmoddi4.o)
 .ARM.attributes
                0x0000081c       0x22 C:/ST/STM32CubeIDE_1.14.0/STM32CubeIDE/plugins/com.st.stm32cube.ide.mcu.externaltools.gnu-tools-for-stm32.12.3.rel1.win32_1.0.200.202406191623/tools/bin/../lib/gcc/arm-none-eabi/12.3.1/thumb/v7e-m+fp/hard\libgcc.a(_dvmd_tls.o)
 .ARM.attributes
                0x0000083e       0x22 C:/ST/STM32CubeIDE_1.14.0/STM32CubeIDE/plugins/com.st.stm32cube.ide.mcu.externaltools.gnu-tools-for-stm32.12.3.rel1.win32_1.0.200.202406191623/tools/bin/../lib/gcc/arm-none-eabi/12.3.1/thumb/v7e-m+fp/hard/crtn.o

MAPPING_TABLE
 *(MAPPING_TABLE)

MB_MEM1
 *(MB_MEM1)
                0x08006324                        _siMB_MEM2 = LOADADDR (.MB_MEM2)

.MB_MEM2        0x20030000        0x0 load address 0x08006324
                0x20030000                        _sMB_MEM2 = .
 *(MB_MEM2)
                0x20030000                        _eMB_MEM2 = .
OUTPUT(temp_measurment.elf elf32-littlearm)
LOAD linker stubs
LOAD C:/ST/STM32CubeIDE_1.14.0/STM32CubeIDE/plugins/com.st.stm32cube.ide.mcu.externaltools.gnu-tools-for-stm32.12.3.rel1.win32_1.0.200.202406191623/tools/bin/../lib/gcc/arm-none-eabi/12.3.1/../../../../arm-none-eabi/lib/thumb/v7e-m+fp/hard\libc.a
LOAD C:/ST/STM32CubeIDE_1.14.0/STM32CubeIDE/plugins/com.st.stm32cube.ide.mcu.externaltools.gnu-tools-for-stm32.12.3.rel1.win32_1.0.200.202406191623/tools/bin/../lib/gcc/arm-none-eabi/12.3.1/../../../../arm-none-eabi/lib/thumb/v7e-m+fp/hard\libm.a
LOAD C:/ST/STM32CubeIDE_1.14.0/STM32CubeIDE/plugins/com.st.stm32cube.ide.mcu.externaltools.gnu-tools-for-stm32.12.3.rel1.win32_1.0.200.202406191623/tools/bin/../lib/gcc/arm-none-eabi/12.3.1/thumb/v7e-m+fp/hard\libgcc.a

.debug_info     0x00000000    0x14c65
 .debug_info    0x00000000     0x20a6 ./Core/Src/main.o
 .debug_info    0x000020a6     0x198e ./Core/Src/stm32wbxx_hal_msp.o
 .debug_info    0x00003a34      0x4ad ./Core/Src/stm32wbxx_it.o
 .debug_info    0x00003ee1      0x168 ./Core/Src/sysmem.o
 .debug_info    0x00004049      0x703 ./Core/Src/system_stm32wbxx.o
 .debug_info    0x0000474c       0x30 ./Core/Startup/startup_stm32wb55rgvx.o
 .debug_info    0x0000477c     0x12ae ./Drivers/STM32WBxx_HAL_Driver/Src/stm32wbxx_hal.o
 .debug_info    0x00005a2a     0x1ded ./Drivers/STM32WBxx_HAL_Driver/Src/stm32wbxx_hal_adc.o
 .debug_info    0x00007817      0xccd ./Drivers/STM32WBxx_HAL_Driver/Src/stm32wbxx_hal_cortex.o
 .debug_info    0x000084e4      0x6aa ./Drivers/STM32WBxx_HAL_Driver/Src/stm32wbxx_hal_gpio.o
 .debug_info    0x00008b8e      0x904 ./Drivers/STM32WBxx_HAL_Driver/Src/stm32wbxx_hal_pwr.o
 .debug_info    0x00009492     0x105d ./Drivers/STM32WBxx_HAL_Driver/Src/stm32wbxx_hal_pwr_ex.o
 .debug_info    0x0000a4ef     0x14d1 ./Drivers/STM32WBxx_HAL_Driver/Src/stm32wbxx_hal_rcc.o
 .debug_info    0x0000b9c0     0x1c40 ./Drivers/STM32WBxx_HAL_Driver/Src/stm32wbxx_hal_rcc_ex.o
 .debug_info    0x0000d600      0xcc7 ./Drivers/STM32WBxx_HAL_Driver/Src/stm32wbxx_hal_rtc.o
 .debug_info    0x0000e2c7      0xfc6 ./Drivers/STM32WBxx_HAL_Driver/Src/stm32wbxx_hal_rtc_ex.o
 .debug_info    0x0000f28d     0x49f4 ./Drivers/STM32WBxx_HAL_Driver/Src/stm32wbxx_hal_uart.o
 .debug_info    0x00013c81      0xfe4 ./Drivers/STM32WBxx_HAL_Driver/Src/stm32wbxx_hal_uart_ex.o

.debug_abbrev   0x00000000     0x2a2c
 .debug_abbrev  0x00000000      0x376 ./Core/Src/main.o
 .debug_abbrev  0x00000376      0x26b ./Core/Src/stm32wbxx_hal_msp.o
 .debug_abbrev  0x000005e1      0x14c ./Core/Src/stm32wbxx_it.o
 .debug_abbrev  0x0000072d       0xbc ./Core/Src/sysmem.o
 .debug_abbrev  0x000007e9      0x13b ./Core/Src/system_stm32wbxx.o
 .debug_abbrev  0x00000924       0x24 ./Core/Startup/startup_stm32wb55rgvx.o
 .debug_abbrev  0x00000948      0x367 ./Drivers/STM32WBxx_HAL_Driver/Src/stm32wbxx_hal.o
 .debug_abbrev  0x00000caf      0x2cc ./Drivers/STM32WBxx_HAL_Driver/Src/stm32wbxx_hal_adc.o
 .debug_abbrev  0x00000f7b      0x319 ./Drivers/STM32WBxx_HAL_Driver/Src/stm32wbxx_hal_cortex.o
 .debug_abbrev  0x00001294      0x1e5 ./Drivers/STM32WBxx_HAL_Driver/Src/stm32wbxx_hal_gpio.o
 .debug_abbrev  0x00001479      0x205 ./Drivers/STM32WBxx_HAL_Driver/Src/stm32wbxx_hal_pwr.o
 .debug_abbrev  0x0000167e      0x31c ./Drivers/STM32WBxx_HAL_Driver/Src/stm32wbxx_hal_pwr_ex.o
 .debug_abbrev  0x0000199a      0x31b ./Drivers/STM32WBxx_HAL_Driver/Src/stm32wbxx_hal_rcc.o
 .debug_abbrev  0x00001cb5      0x35a ./Drivers/STM32WBxx_HAL_Driver/Src/stm32wbxx_hal_rcc_ex.o
 .debug_abbrev  0x0000200f      0x1ff ./Drivers/STM32WBxx_HAL_Driver/Src/stm32wbxx_hal_rtc.o
 .debug_abbrev  0x0000220e      0x208 ./Drivers/STM32WBxx_HAL_Driver/Src/stm32wbxx_hal_rtc_ex.o
 .debug_abbrev  0x00002416      0x343 ./Drivers/STM32WBxx_HAL_Driver/Src/stm32wbxx_hal_uart.o
 .debug_abbrev  0x00002759      0x2d3 ./Drivers/STM32WBxx_HAL_Driver/Src/stm32wbxx_hal_uart_ex.o

.debug_aranges  0x00000000     0x1690
 .debug_aranges
                0x00000000       0x88 ./Core/Src/main.o
 .debug_aranges
                0x00000088       0x90 ./Core/Src/stm32wbxx_hal_msp.o
 .debug_aranges
                0x00000118       0x78 ./Core/Src/stm32wbxx_it.o
 .debug_aranges
                0x00000190       0x20 ./Core/Src/sysmem.o
 .debug_aranges
                0x000001b0       0x28 ./Core/Src/system_stm32wbxx.o
 .debug_aranges
                0x000001d8       0x30 ./Core/Startup/startup_stm32wb55rgvx.o
 .debug_aranges
                0x00000208      0x280 ./Drivers/STM32WBxx_HAL_Driver/Src/stm32wbxx_hal.o
 .debug_aranges
                0x00000488      0x218 ./Drivers/STM32WBxx_HAL_Driver/Src/stm32wbxx_hal_adc.o
 .debug_aranges
                0x000006a0      0x118 ./Drivers/STM32WBxx_HAL_Driver/Src/stm32wbxx_hal_cortex.o
 .debug_aranges
                0x000007b8       0x60 ./Drivers/STM32WBxx_HAL_Driver/Src/stm32wbxx_hal_gpio.o
 .debug_aranges
                0x00000818       0xd0 ./Drivers/STM32WBxx_HAL_Driver/Src/stm32wbxx_hal_pwr.o
 .debug_aranges
                0x000008e8      0x288 ./Drivers/STM32WBxx_HAL_Driver/Src/stm32wbxx_hal_pwr_ex.o
 .debug_aranges
                0x00000b70      0x270 ./Drivers/STM32WBxx_HAL_Driver/Src/stm32wbxx_hal_rcc.o
 .debug_aranges
                0x00000de0      0x390 ./Drivers/STM32WBxx_HAL_Driver/Src/stm32wbxx_hal_rcc_ex.o
 .debug_aranges
                0x00001170       0xe0 ./Drivers/STM32WBxx_HAL_Driver/Src/stm32wbxx_hal_rtc.o
 .debug_aranges
                0x00001250      0x140 ./Drivers/STM32WBxx_HAL_Driver/Src/stm32wbxx_hal_rtc_ex.o
 .debug_aranges
                0x00001390      0x258 ./Drivers/STM32WBxx_HAL_Driver/Src/stm32wbxx_hal_uart.o
 .debug_aranges
                0x000015e8       0xa8 ./Drivers/STM32WBxx_HAL_Driver/Src/stm32wbxx_hal_uart_ex.o

.debug_rnglists
                0x00000000     0x1137
 .debug_rnglists
                0x00000000       0x66 ./Core/Src/main.o
 .debug_rnglists
                0x00000066       0x68 ./Core/Src/stm32wbxx_hal_msp.o
 .debug_rnglists
                0x000000ce       0x55 ./Core/Src/stm32wbxx_it.o
 .debug_rnglists
                0x00000123       0x13 ./Core/Src/sysmem.o
 .debug_rnglists
                0x00000136       0x1b ./Core/Src/system_stm32wbxx.o
 .debug_rnglists
                0x00000151       0x1f ./Core/Startup/startup_stm32wb55rgvx.o
 .debug_rnglists
                0x00000170      0x1db ./Drivers/STM32WBxx_HAL_Driver/Src/stm32wbxx_hal.o
 .debug_rnglists
                0x0000034b      0x19c ./Drivers/STM32WBxx_HAL_Driver/Src/stm32wbxx_hal_adc.o
 .debug_rnglists
                0x000004e7       0xce ./Drivers/STM32WBxx_HAL_Driver/Src/stm32wbxx_hal_cortex.o
 .debug_rnglists
                0x000005b5       0x45 ./Drivers/STM32WBxx_HAL_Driver/Src/stm32wbxx_hal_gpio.o
 .debug_rnglists
                0x000005fa       0x99 ./Drivers/STM32WBxx_HAL_Driver/Src/stm32wbxx_hal_pwr.o
 .debug_rnglists
                0x00000693      0x1e8 ./Drivers/STM32WBxx_HAL_Driver/Src/stm32wbxx_hal_pwr_ex.o
 .debug_rnglists
                0x0000087b      0x1d6 ./Drivers/STM32WBxx_HAL_Driver/Src/stm32wbxx_hal_rcc.o
 .debug_rnglists
                0x00000a51      0x2b6 ./Drivers/STM32WBxx_HAL_Driver/Src/stm32wbxx_hal_rcc_ex.o
 .debug_rnglists
                0x00000d07       0xae ./Drivers/STM32WBxx_HAL_Driver/Src/stm32wbxx_hal_rtc.o
 .debug_rnglists
                0x00000db5       0xfd ./Drivers/STM32WBxx_HAL_Driver/Src/stm32wbxx_hal_rtc_ex.o
 .debug_rnglists
                0x00000eb2      0x206 ./Drivers/STM32WBxx_HAL_Driver/Src/stm32wbxx_hal_uart.o
 .debug_rnglists
                0x000010b8       0x7f ./Drivers/STM32WBxx_HAL_Driver/Src/stm32wbxx_hal_uart_ex.o

.debug_macro    0x00000000    0x23a8d
 .debug_macro   0x00000000      0x36a ./Core/Src/main.o
 .debug_macro   0x0000036a      0xab4 ./Core/Src/main.o
 .debug_macro   0x00000e1e      0x136 ./Core/Src/main.o
 .debug_macro   0x00000f54       0x2e ./Core/Src/main.o
 .debug_macro   0x00000f82       0x2e ./Core/Src/main.o
 .debug_macro   0x00000fb0       0x22 ./Core/Src/main.o
 .debug_macro   0x00000fd2       0x8e ./Core/Src/main.o
 .debug_macro   0x00001060       0x51 ./Core/Src/main.o
 .debug_macro   0x000010b1      0x103 ./Core/Src/main.o
 .debug_macro   0x000011b4       0x6a ./Core/Src/main.o
 .debug_macro   0x0000121e      0x1df ./Core/Src/main.o
 .debug_macro   0x000013fd       0x1c ./Core/Src/main.o
 .debug_macro   0x00001419       0x22 ./Core/Src/main.o
 .debug_macro   0x0000143b       0xfb ./Core/Src/main.o
 .debug_macro   0x00001536     0x1011 ./Core/Src/main.o
 .debug_macro   0x00002547      0x11f ./Core/Src/main.o
 .debug_macro   0x00002666    0x12adb ./Core/Src/main.o
 .debug_macro   0x00015141       0x6c ./Core/Src/main.o
 .debug_macro   0x000151ad     0x34e1 ./Core/Src/main.o
 .debug_macro   0x0001868e      0x189 ./Core/Src/main.o
 .debug_macro   0x00018817       0x5c ./Core/Src/main.o
 .debug_macro   0x00018873      0x3f5 ./Core/Src/main.o
 .debug_macro   0x00018c68      0x286 ./Core/Src/main.o
 .debug_macro   0x00018eee      0x30d ./Core/Src/main.o
 .debug_macro   0x000191fb      0x17e ./Core/Src/main.o
 .debug_macro   0x00019379       0x43 ./Core/Src/main.o
 .debug_macro   0x000193bc      0xc98 ./Core/Src/main.o
 .debug_macro   0x0001a054      0x5b4 ./Core/Src/main.o
 .debug_macro   0x0001a608      0x1ca ./Core/Src/main.o
 .debug_macro   0x0001a7d2      0x236 ./Core/Src/main.o
 .debug_macro   0x0001aa08      0x24a ./Core/Src/main.o
 .debug_macro   0x0001ac52      0x57b ./Core/Src/main.o
 .debug_macro   0x0001b1cd       0x2e ./Core/Src/main.o
 .debug_macro   0x0001b1fb      0x100 ./Core/Src/main.o
 .debug_macro   0x0001b2fb      0x1ba ./Core/Src/main.o
 .debug_macro   0x0001b4b5      0x1cd ./Core/Src/main.o
 .debug_macro   0x0001b682      0x381 ./Core/Src/main.o
 .debug_macro   0x0001ba03      0x13d ./Core/Src/main.o
 .debug_macro   0x0001bb40      0x141 ./Core/Src/main.o
 .debug_macro   0x0001bc81      0x4ff ./Core/Src/main.o
 .debug_macro   0x0001c180      0x874 ./Core/Src/main.o
 .debug_macro   0x0001c9f4      0x259 ./Core/Src/main.o
 .debug_macro   0x0001cc4d     0x1bb1 ./Core/Src/main.o
 .debug_macro   0x0001e7fe       0xe4 ./Core/Src/main.o
 .debug_macro   0x0001e8e2      0x5e7 ./Core/Src/main.o
 .debug_macro   0x0001eec9      0x352 ./Core/Src/main.o
 .debug_macro   0x0001f21b      0x4de ./Core/Src/main.o
 .debug_macro   0x0001f6f9       0xdd ./Core/Src/main.o
 .debug_macro   0x0001f7d6      0x693 ./Core/Src/main.o
 .debug_macro   0x0001fe69       0xa6 ./Core/Src/main.o
 .debug_macro   0x0001ff0f      0x557 ./Core/Src/main.o
 .debug_macro   0x00020466      0x433 ./Core/Src/main.o
 .debug_macro   0x00020899       0xbe ./Core/Src/main.o
 .debug_macro   0x00020957       0x61 ./Core/Src/main.o
 .debug_macro   0x000209b8       0x2a ./Core/Src/main.o
 .debug_macro   0x000209e2       0x43 ./Core/Src/main.o
 .debug_macro   0x00020a25       0x34 ./Core/Src/main.o
 .debug_macro   0x00020a59       0x16 ./Core/Src/main.o
 .debug_macro   0x00020a6f       0x43 ./Core/Src/main.o
 .debug_macro   0x00020ab2       0x34 ./Core/Src/main.o
 .debug_macro   0x00020ae6       0x10 ./Core/Src/main.o
 .debug_macro   0x00020af6       0x58 ./Core/Src/main.o
 .debug_macro   0x00020b4e       0x8e ./Core/Src/main.o
 .debug_macro   0x00020bdc       0x1c ./Core/Src/main.o
 .debug_macro   0x00020bf8      0x177 ./Core/Src/main.o
 .debug_macro   0x00020d6f      0x369 ./Core/Src/main.o
 .debug_macro   0x000210d8       0x10 ./Core/Src/main.o
 .debug_macro   0x000210e8       0x35 ./Core/Src/main.o
 .debug_macro   0x0002111d       0x20 ./Core/Src/main.o
 .debug_macro   0x0002113d       0x22 ./Core/Src/main.o
 .debug_macro   0x0002115f       0x1c ./Core/Src/main.o
 .debug_macro   0x0002117b       0x10 ./Core/Src/main.o
 .debug_macro   0x0002118b       0x1c ./Core/Src/main.o
 .debug_macro   0x000211a7       0x16 ./Core/Src/main.o
 .debug_macro   0x000211bd      0x146 ./Core/Src/main.o
 .debug_macro   0x00021303      0x259 ./Core/Src/stm32wbxx_hal_msp.o
 .debug_macro   0x0002155c      0x263 ./Core/Src/stm32wbxx_it.o
 .debug_macro   0x000217bf       0xff ./Core/Src/sysmem.o
 .debug_macro   0x000218be      0x23c ./Core/Src/sysmem.o
 .debug_macro   0x00021afa      0x24a ./Core/Src/system_stm32wbxx.o
 .debug_macro   0x00021d44      0x26e ./Drivers/STM32WBxx_HAL_Driver/Src/stm32wbxx_hal.o
 .debug_macro   0x00021fb2      0x267 ./Drivers/STM32WBxx_HAL_Driver/Src/stm32wbxx_hal_adc.o
 .debug_macro   0x00022219      0x24a ./Drivers/STM32WBxx_HAL_Driver/Src/stm32wbxx_hal_cortex.o
 .debug_macro   0x00022463      0x251 ./Drivers/STM32WBxx_HAL_Driver/Src/stm32wbxx_hal_gpio.o
 .debug_macro   0x000226b4      0x2bc ./Drivers/STM32WBxx_HAL_Driver/Src/stm32wbxx_hal_pwr.o
 .debug_macro   0x00022970      0x25c ./Drivers/STM32WBxx_HAL_Driver/Src/stm32wbxx_hal_pwr_ex.o
 .debug_macro   0x00022bcc      0x2bc ./Drivers/STM32WBxx_HAL_Driver/Src/stm32wbxx_hal_rcc.o
 .debug_macro   0x00022e88      0x29f ./Drivers/STM32WBxx_HAL_Driver/Src/stm32wbxx_hal_rcc_ex.o
 .debug_macro   0x00023127      0x24b ./Drivers/STM32WBxx_HAL_Driver/Src/stm32wbxx_hal_rtc.o
 .debug_macro   0x00023372      0x250 ./Drivers/STM32WBxx_HAL_Driver/Src/stm32wbxx_hal_rtc_ex.o
 .debug_macro   0x000235c2      0x275 ./Drivers/STM32WBxx_HAL_Driver/Src/stm32wbxx_hal_uart.o
 .debug_macro   0x00023837      0x256 ./Drivers/STM32WBxx_HAL_Driver/Src/stm32wbxx_hal_uart_ex.o

.debug_line     0x00000000    0x140ec
 .debug_line    0x00000000      0xd5e ./Core/Src/main.o
 .debug_line    0x00000d5e      0xa3b ./Core/Src/stm32wbxx_hal_msp.o
 .debug_line    0x00001799      0x951 ./Core/Src/stm32wbxx_it.o
 .debug_line    0x000020ea      0x583 ./Core/Src/sysmem.o
 .debug_line    0x0000266d      0x8f9 ./Core/Src/system_stm32wbxx.o
 .debug_line    0x00002f66       0x83 ./Core/Startup/startup_stm32wb55rgvx.o
 .debug_line    0x00002fe9     0x1098 ./Drivers/STM32WBxx_HAL_Driver/Src/stm32wbxx_hal.o
 .debug_line    0x00004081     0x1dfb ./Drivers/STM32WBxx_HAL_Driver/Src/stm32wbxx_hal_adc.o
 .debug_line    0x00005e7c      0xdc4 ./Drivers/STM32WBxx_HAL_Driver/Src/stm32wbxx_hal_cortex.o
 .debug_line    0x00006c40      0xc95 ./Drivers/STM32WBxx_HAL_Driver/Src/stm32wbxx_hal_gpio.o
 .debug_line    0x000078d5      0xadf ./Drivers/STM32WBxx_HAL_Driver/Src/stm32wbxx_hal_pwr.o
 .debug_line    0x000083b4     0x11d9 ./Drivers/STM32WBxx_HAL_Driver/Src/stm32wbxx_hal_pwr_ex.o
 .debug_line    0x0000958d     0x193a ./Drivers/STM32WBxx_HAL_Driver/Src/stm32wbxx_hal_rcc.o
 .debug_line    0x0000aec7     0x1d45 ./Drivers/STM32WBxx_HAL_Driver/Src/stm32wbxx_hal_rcc_ex.o
 .debug_line    0x0000cc0c     0x12de ./Drivers/STM32WBxx_HAL_Driver/Src/stm32wbxx_hal_rtc.o
 .debug_line    0x0000deea     0x16b2 ./Drivers/STM32WBxx_HAL_Driver/Src/stm32wbxx_hal_rtc_ex.o
 .debug_line    0x0000f59c     0x3cbb ./Drivers/STM32WBxx_HAL_Driver/Src/stm32wbxx_hal_uart.o
 .debug_line    0x00013257      0xe95 ./Drivers/STM32WBxx_HAL_Driver/Src/stm32wbxx_hal_uart_ex.o

.debug_str      0x00000000    0xeb995
 .debug_str     0x00000000    0xe5c51 ./Core/Src/main.o
                              0xe6a17 (size before relaxing)
 .debug_str     0x000e5c51      0x17f ./Core/Src/stm32wbxx_hal_msp.o
                              0xe2e4e (size before relaxing)
 .debug_str     0x000e5dd0      0x138 ./Core/Src/stm32wbxx_it.o
                              0xe1daf (size before relaxing)
 .debug_str     0x000e5f08      0x4dc ./Core/Src/sysmem.o
                               0x60da (size before relaxing)
 .debug_str     0x000e63e4      0x105 ./Core/Src/system_stm32wbxx.o
                              0xe1aaf (size before relaxing)
 .debug_str     0x000e64e9       0x44 ./Core/Startup/startup_stm32wb55rgvx.o
                                 0x8d (size before relaxing)
 .debug_str     0x000e652d      0x9ff ./Drivers/STM32WBxx_HAL_Driver/Src/stm32wbxx_hal.o
                              0xe2995 (size before relaxing)
 .debug_str     0x000e6f2c      0xa11 ./Drivers/STM32WBxx_HAL_Driver/Src/stm32wbxx_hal_adc.o
                              0xe28e3 (size before relaxing)
 .debug_str     0x000e793d      0x338 ./Drivers/STM32WBxx_HAL_Driver/Src/stm32wbxx_hal_cortex.o
                              0xe214d (size before relaxing)
 .debug_str     0x000e7c75      0x113 ./Drivers/STM32WBxx_HAL_Driver/Src/stm32wbxx_hal_gpio.o
                              0xe1a89 (size before relaxing)
 .debug_str     0x000e7d88      0x597 ./Drivers/STM32WBxx_HAL_Driver/Src/stm32wbxx_hal_pwr.o
                              0xe1f1f (size before relaxing)
 .debug_str     0x000e831f      0x816 ./Drivers/STM32WBxx_HAL_Driver/Src/stm32wbxx_hal_pwr_ex.o
                              0xe2420 (size before relaxing)
 .debug_str     0x000e8b35      0xb3f ./Drivers/STM32WBxx_HAL_Driver/Src/stm32wbxx_hal_rcc.o
                              0xe290d (size before relaxing)
 .debug_str     0x000e9674      0xc98 ./Drivers/STM32WBxx_HAL_Driver/Src/stm32wbxx_hal_rcc_ex.o
                              0xe2d36 (size before relaxing)
 .debug_str     0x000ea30c      0x327 ./Drivers/STM32WBxx_HAL_Driver/Src/stm32wbxx_hal_rtc.o
                              0xe1e3c (size before relaxing)
 .debug_str     0x000ea633      0x739 ./Drivers/STM32WBxx_HAL_Driver/Src/stm32wbxx_hal_rtc_ex.o
                              0xe2341 (size before relaxing)
 .debug_str     0x000ead6c      0x9be ./Drivers/STM32WBxx_HAL_Driver/Src/stm32wbxx_hal_uart.o
                              0xe2a8f (size before relaxing)
 .debug_str     0x000eb72a      0x26b ./Drivers/STM32WBxx_HAL_Driver/Src/stm32wbxx_hal_uart_ex.o
                              0xe217b (size before relaxing)

.comment        0x00000000       0x43
 .comment       0x00000000       0x43 ./Core/Src/main.o
                                 0x44 (size before relaxing)
 .comment       0x00000043       0x44 ./Core/Src/stm32wbxx_hal_msp.o
 .comment       0x00000043       0x44 ./Core/Src/stm32wbxx_it.o
 .comment       0x00000043       0x44 ./Core/Src/sysmem.o
 .comment       0x00000043       0x44 ./Core/Src/system_stm32wbxx.o
 .comment       0x00000043       0x44 ./Drivers/STM32WBxx_HAL_Driver/Src/stm32wbxx_hal.o
 .comment       0x00000043       0x44 ./Drivers/STM32WBxx_HAL_Driver/Src/stm32wbxx_hal_adc.o
 .comment       0x00000043       0x44 ./Drivers/STM32WBxx_HAL_Driver/Src/stm32wbxx_hal_cortex.o
 .comment       0x00000043       0x44 ./Drivers/STM32WBxx_HAL_Driver/Src/stm32wbxx_hal_gpio.o
 .comment       0x00000043       0x44 ./Drivers/STM32WBxx_HAL_Driver/Src/stm32wbxx_hal_pwr.o
 .comment       0x00000043       0x44 ./Drivers/STM32WBxx_HAL_Driver/Src/stm32wbxx_hal_pwr_ex.o
 .comment       0x00000043       0x44 ./Drivers/STM32WBxx_HAL_Driver/Src/stm32wbxx_hal_rcc.o
 .comment       0x00000043       0x44 ./Drivers/STM32WBxx_HAL_Driver/Src/stm32wbxx_hal_rcc_ex.o
 .comment       0x00000043       0x44 ./Drivers/STM32WBxx_HAL_Driver/Src/stm32wbxx_hal_rtc.o
 .comment       0x00000043       0x44 ./Drivers/STM32WBxx_HAL_Driver/Src/stm32wbxx_hal_rtc_ex.o
 .comment       0x00000043       0x44 ./Drivers/STM32WBxx_HAL_Driver/Src/stm32wbxx_hal_uart.o
 .comment       0x00000043       0x44 ./Drivers/STM32WBxx_HAL_Driver/Src/stm32wbxx_hal_uart_ex.o

.debug_frame    0x00000000     0x64ac
 .debug_frame   0x00000000      0x1fc ./Core/Src/main.o
 .debug_frame   0x000001fc      0x238 ./Core/Src/stm32wbxx_hal_msp.o
 .debug_frame   0x00000434      0x158 ./Core/Src/stm32wbxx_it.o
 .debug_frame   0x0000058c       0x34 ./Core/Src/sysmem.o
 .debug_frame   0x000005c0       0x58 ./Core/Src/system_stm32wbxx.o
 .debug_frame   0x00000618      0xa34 ./Drivers/STM32WBxx_HAL_Driver/Src/stm32wbxx_hal.o
 .debug_frame   0x0000104c      0x9d8 ./Drivers/STM32WBxx_HAL_Driver/Src/stm32wbxx_hal_adc.o
 .debug_frame   0x00001a24      0x49c ./Drivers/STM32WBxx_HAL_Driver/Src/stm32wbxx_hal_cortex.o
 .debug_frame   0x00001ec0      0x174 ./Drivers/STM32WBxx_HAL_Driver/Src/stm32wbxx_hal_gpio.o
 .debug_frame   0x00002034      0x344 ./Drivers/STM32WBxx_HAL_Driver/Src/stm32wbxx_hal_pwr.o
 .debug_frame   0x00002378      0xb00 ./Drivers/STM32WBxx_HAL_Driver/Src/stm32wbxx_hal_pwr_ex.o
 .debug_frame   0x00002e78      0xa0c ./Drivers/STM32WBxx_HAL_Driver/Src/stm32wbxx_hal_rcc.o
 .debug_frame   0x00003884      0xf38 ./Drivers/STM32WBxx_HAL_Driver/Src/stm32wbxx_hal_rcc_ex.o
 .debug_frame   0x000047bc      0x3d0 ./Drivers/STM32WBxx_HAL_Driver/Src/stm32wbxx_hal_rtc.o
 .debug_frame   0x00004b8c      0x598 ./Drivers/STM32WBxx_HAL_Driver/Src/stm32wbxx_hal_rtc_ex.o
 .debug_frame   0x00005124      0xae4 ./Drivers/STM32WBxx_HAL_Driver/Src/stm32wbxx_hal_uart.o
 .debug_frame   0x00005c08      0x2c0 ./Drivers/STM32WBxx_HAL_Driver/Src/stm32wbxx_hal_uart_ex.o
 .debug_frame   0x00005ec8      0x144 C:/ST/STM32CubeIDE_1.14.0/STM32CubeIDE/plugins/com.st.stm32cube.ide.mcu.externaltools.gnu-tools-for-stm32.12.3.rel1.win32_1.0.200.202406191623/tools/bin/../lib/gcc/arm-none-eabi/12.3.1/../../../../arm-none-eabi/lib/thumb/v7e-m+fp/hard\libc_nano.a(libc_a-findfp.o)
 .debug_frame   0x0000600c       0x6c C:/ST/STM32CubeIDE_1.14.0/STM32CubeIDE/plugins/com.st.stm32cube.ide.mcu.externaltools.gnu-tools-for-stm32.12.3.rel1.win32_1.0.200.202406191623/tools/bin/../lib/gcc/arm-none-eabi/12.3.1/../../../../arm-none-eabi/lib/thumb/v7e-m+fp/hard\libc_nano.a(libc_a-sprintf.o)
 .debug_frame   0x00006078       0x20 C:/ST/STM32CubeIDE_1.14.0/STM32CubeIDE/plugins/com.st.stm32cube.ide.mcu.externaltools.gnu-tools-for-stm32.12.3.rel1.win32_1.0.200.202406191623/tools/bin/../lib/gcc/arm-none-eabi/12.3.1/../../../../arm-none-eabi/lib/thumb/v7e-m+fp/hard\libc_nano.a(libc_a-memset.o)
 .debug_frame   0x00006098       0x38 C:/ST/STM32CubeIDE_1.14.0/STM32CubeIDE/plugins/com.st.stm32cube.ide.mcu.externaltools.gnu-tools-for-stm32.12.3.rel1.win32_1.0.200.202406191623/tools/bin/../lib/gcc/arm-none-eabi/12.3.1/../../../../arm-none-eabi/lib/thumb/v7e-m+fp/hard\libc_nano.a(libc_a-reent.o)
 .debug_frame   0x000060d0       0x20 C:/ST/STM32CubeIDE_1.14.0/STM32CubeIDE/plugins/com.st.stm32cube.ide.mcu.externaltools.gnu-tools-for-stm32.12.3.rel1.win32_1.0.200.202406191623/tools/bin/../lib/gcc/arm-none-eabi/12.3.1/../../../../arm-none-eabi/lib/thumb/v7e-m+fp/hard\libc_nano.a(libc_a-errno.o)
 .debug_frame   0x000060f0       0x2c C:/ST/STM32CubeIDE_1.14.0/STM32CubeIDE/plugins/com.st.stm32cube.ide.mcu.externaltools.gnu-tools-for-stm32.12.3.rel1.win32_1.0.200.202406191623/tools/bin/../lib/gcc/arm-none-eabi/12.3.1/../../../../arm-none-eabi/lib/thumb/v7e-m+fp/hard\libc_nano.a(libc_a-init.o)
 .debug_frame   0x0000611c       0xb0 C:/ST/STM32CubeIDE_1.14.0/STM32CubeIDE/plugins/com.st.stm32cube.ide.mcu.externaltools.gnu-tools-for-stm32.12.3.rel1.win32_1.0.200.202406191623/tools/bin/../lib/gcc/arm-none-eabi/12.3.1/../../../../arm-none-eabi/lib/thumb/v7e-m+fp/hard\libc_nano.a(libc_a-lock.o)
 .debug_frame   0x000061cc       0x38 C:/ST/STM32CubeIDE_1.14.0/STM32CubeIDE/plugins/com.st.stm32cube.ide.mcu.externaltools.gnu-tools-for-stm32.12.3.rel1.win32_1.0.200.202406191623/tools/bin/../lib/gcc/arm-none-eabi/12.3.1/../../../../arm-none-eabi/lib/thumb/v7e-m+fp/hard\libc_nano.a(libc_a-freer.o)
 .debug_frame   0x00006204       0x50 C:/ST/STM32CubeIDE_1.14.0/STM32CubeIDE/plugins/com.st.stm32cube.ide.mcu.externaltools.gnu-tools-for-stm32.12.3.rel1.win32_1.0.200.202406191623/tools/bin/../lib/gcc/arm-none-eabi/12.3.1/../../../../arm-none-eabi/lib/thumb/v7e-m+fp/hard\libc_nano.a(libc_a-mallocr.o)
 .debug_frame   0x00006254       0x30 C:/ST/STM32CubeIDE_1.14.0/STM32CubeIDE/plugins/com.st.stm32cube.ide.mcu.externaltools.gnu-tools-for-stm32.12.3.rel1.win32_1.0.200.202406191623/tools/bin/../lib/gcc/arm-none-eabi/12.3.1/../../../../arm-none-eabi/lib/thumb/v7e-m+fp/hard\libc_nano.a(libc_a-mlock.o)